Microchip MPLAB XC8 Compiler V1.34 ()

Linker command line:

--edf=C:\Program Files (x86)\Microchip\xc8\v1.34\dat\en_msgs.txt -cs \
  -h+dist/default/debug\Throttle.X.debug.sym \
  --cmf=dist/default/debug\Throttle.X.debug.cmf -z -Q18F45K20 \
  -oC:\Users\ADMINI~1\AppData\Local\Temp\s4l0.6 \
  -Mdist/default/debug/Throttle.X.debug.map -E1 -ver=XC8 -ASTACK=060h-05eeh \
  -pstack=STACK -p_ADC_ThrottlePWM_Lookup_const=180h \
  -p_ADC_ThrottleLED_Lookup_const=180h -ACODE=00h-07CFFh -ACONST=00h-07CFFh \
  -ASMALLCONST=0600h-06FFhx119 -AMEDIUMCONST=0600h-07CFFh -ACOMRAM=01h-05Fh \
  -AABS1=00h-05EEh -ABIGRAM=01h-05EEh \
  -ARAM=060h-0FFh,0100h-01FFhx4,0500h-05EEh -ABANK0=060h-0FFh \
  -ABANK1=0100h-01FFh -ABANK2=0200h-02FFh -ABANK3=0300h-03FFh \
  -ABANK4=0400h-04FFh -ABANK5=0500h-05EEh \
  -ASFR=0F60h-0F9Bh,0F9Dh-0FD3h,0FD5h-0FDAh,0FE0h-0FE2h,0FE8h-0FEAh,0FF0h-0FFBh \
  -preset_vec=00h,intcode,intcodelo,powerup,init,end_init -pramtop=0600h \
  -psmallconst=SMALLCONST -pmediumconst=MEDIUMCONST -pconst=CONST \
  -AFARRAM=00h-00h -ACONFIG=0300000h-030000Dh -pconfig=CONFIG \
  -AIDLOC=0200000h-0200007h -pidloc=IDLOC -AEEDATA=0F00000h-0F000FFh \
  -peeprom_data=EEDATA \
  -prdata=COMRAM,nvrram=COMRAM,nvbit=COMRAM,rbss=COMRAM,rbit=COMRAM \
  -pfarbss=FARRAM,fardata=FARRAM,nvFARRAM=FARRAM \
  -pintsave_regs=BIGRAM,bigbss=BIGRAM,bigdata=BIGRAM -pbss=RAM \
  -pidata=CODE,irdata=CODE,ibigdata=CODE,ifardata=CODE -prparam=COMRAM \
  C:\Users\ADMINI~1\AppData\Local\Temp\s4l0.obj \
  dist/default/debug\Throttle.X.debug.obj 

Object code version is 3.11

Machine type is 18F45K20

Call graph: (short form)




                Name                               Link     Load   Length Selector   Space Scale
C:\Users\ADMINI~1\AppData\Local\Temp\s4l0.obj
                end_init                              2        2        4        0       0
                reset_vec                             0        0        2        0       0
                idloc                            200000   200000        8   200000       0
                config                           300000   300000        E   300000       0
dist/default/debug\Throttle.X.debug.obj
                smallconst                          600      600        2      300       0
                text4                               690      690        E      301       0
                text3                               656      656       1A      301       0
                text2                               670      670       12      301       0
                text1                               682      682        E      301       0
                text0                               602      602       54      301       0
                cstackCOMRAM                          3        3        1        1       1
                cinit                               69E      69E        A      301       0
                nvCOMRAM                              1        1        2        1       1
                _ADC_ThrottlePWM_Lookup_const       180      180       10       C0       0
                _ADC_ThrottleLED_Lookup_const       180      180       10       C0       0

TOTAL           Name                               Link     Load   Length     Space
        CLASS   STACK          

        CLASS   CODE           
                end_init                              2        2        4         0
                reset_vec                             0        0        2         0
                text4                               690      690        E         0
                text3                               656      656       1A         0
                text2                               670      670       12         0
                text1                               682      682        E         0
                text0                               602      602       54         0
                cinit                               69E      69E        A         0
                _ADC_ThrottlePWM_Lookup_const       180      180       10         0
                _ADC_ThrottleLED_Lookup_const       180      180       10         0

        CLASS   CONST          

        CLASS   SMALLCONST     
                smallconst                          600      600        2         0

        CLASS   MEDIUMCONST    

        CLASS   COMRAM         
                cstackCOMRAM                          3        3        1         1
                nvCOMRAM                              1        1        2         1

        CLASS   ABS1           

        CLASS   BIGRAM         

        CLASS   RAM            

        CLASS   BANK0          

        CLASS   BANK1          

        CLASS   BANK2          

        CLASS   BANK3          

        CLASS   BANK4          

        CLASS   BANK5          

        CLASS   SFR            

        CLASS   FARRAM         

        CLASS   CONFIG         
                config                           300000   300000        E         0

        CLASS   IDLOC          
                idloc                            200000   200000        8         0

        CLASS   EEDATA         



SEGMENTS        Name                           Load    Length   Top    Selector   Space  Class

                reset_vec                      000000  000006  000006         0       0  CODE    
                nvCOMRAM                       000001  000003  000004         1       1  COMRAM  
                _ADC_ThrottleLED_Lookup_const  000180  000010  000190        C0       0  CODE    
                _ADC_ThrottlePWM_Lookup_const  000180  000010  000190        C0       0  CODE    
                smallconst                     000600  000002  000602       300       0  SMALLCON
                text0                          000602  0000A6  0006A8       301       0  CODE    
                idloc                          200000  000008  200008    200000       0  IDLOC   
                config                         300000  00000E  30000E    300000       0  CONFIG  


UNUSED ADDRESS RANGES

        Name                Unused          Largest block    Delta
        BANK0            000060-0000FF               A0
        BANK1            000100-0001FF              100
        BANK2            000200-0002FF              100
        BANK3            000300-0003FF              100
        BANK4            000400-0004FF              100
        BANK5            000500-0005EE               EF
        BIGRAM           000004-0005EE              5EB
        CODE             000006-00017F              17A
                         000190-0005FF              470
                         0006A8-007CFF             7658
        COMRAM           000004-00005F               5C
        CONST            000006-00017F              17A
                         000190-0005FF              470
                         0006A8-007CFF             7658
        EEDATA           F00000-F000FF              100
        MEDIUMCONST      0006A8-007CFF             7658
        RAM              000060-0005EE              100
        SFR              000F60-000F9B               3C
                         000F9D-000FD3               37
                         000FD5-000FDA                6
                         000FE0-000FE2                3
                         000FE8-000FEA                3
                         000FF0-000FFB                C
        SMALLCONST       0006A8-007CFF              100
        STACK            000060-0005EE              58F

                                  Symbol Table

Delay1KTCYx@unit                     cstackCOMRAM                  000003
_ADCON0                              (abs)                         000FC2
_ADCON0bits                          (abs)                         000FC2
_ADCON1                              (abs)                         000FC1
_ADCON2                              (abs)                         000FC0
_ADC_Convert                         text4                         000690
_ADC_Init                            text3                         000656
_ADC_ThrottleLED_Lookup              _ADC_ThrottleLED_Lookup_const 000180
_ADC_ThrottleLED_Lookup_absconstaddr (abs)                         000180
_ADC_ThrottlePWM_Lookup              _ADC_ThrottlePWM_Lookup_const 000180
_ADC_ThrottlePWM_Lookup_absconstaddr (abs)                         000180
_ADC_Value                           nvCOMRAM                      000001
_ADRESH                              (abs)                         000FC4
_ANSEL                               (abs)                         000F7E
_ANSELH                              (abs)                         000F7F
_ANSELbits                           (abs)                         000F7E
_CCP1CON                             (abs)                         000FBD
_CCPR1L                              (abs)                         000FBE
_ClockSpeed                          nvCOMRAM                      000002
_Delay1KTCYx                         text2                         000670
_INTCON2bits                         (abs)                         000FF1
_OSCCON                              (abs)                         000FD3
_PR2                                 (abs)                         000FCB
_PWM_Init                            text1                         000682
_T2CON                               (abs)                         000FCA
_TRISAbits                           (abs)                         000F92
_TRISBbits                           (abs)                         000F93
_TRISD                               (abs)                         000F95
_TRISE                               (abs)                         000F96
_WPUBbits                            (abs)                         000F7C
__CFG_BOREN$SBORDIS                  (abs)                         000000
__CFG_BORV$30                        (abs)                         000000
__CFG_CCP2MX$PORTC                   (abs)                         000000
__CFG_CP0$OFF                        (abs)                         000000
__CFG_CP1$OFF                        (abs)                         000000
__CFG_CP2$OFF                        (abs)                         000000
__CFG_CP3$OFF                        (abs)                         000000
__CFG_CPB$OFF                        (abs)                         000000
__CFG_CPD$OFF                        (abs)                         000000
__CFG_EBTR0$OFF                      (abs)                         000000
__CFG_EBTR1$OFF                      (abs)                         000000
__CFG_EBTR2$OFF                      (abs)                         000000
__CFG_EBTR3$OFF                      (abs)                         000000
__CFG_EBTRB$OFF                      (abs)                         000000
__CFG_FCMEN$OFF                      (abs)                         000000
__CFG_FOSC$INTIO67                   (abs)                         000000
__CFG_IESO$OFF                       (abs)                         000000
__CFG_LPT1OSC$ON                     (abs)                         000000
__CFG_LVP$OFF                        (abs)                         000000
__CFG_PBADEN$ON                      (abs)                         000000
__CFG_PWRT$OFF                       (abs)                         000000
__CFG_STVREN$ON                      (abs)                         000000
__CFG_WDTEN$OFF                      (abs)                         000000
__CFG_WDTPS$32768                    (abs)                         000000
__CFG_WRT0$OFF                       (abs)                         000000
__CFG_WRT1$OFF                       (abs)                         000000
__CFG_WRT2$OFF                       (abs)                         000000
__CFG_WRT3$OFF                       (abs)                         000000
__CFG_WRTB$OFF                       (abs)                         000000
__CFG_WRTC$OFF                       (abs)                         000000
__CFG_WRTD$OFF                       (abs)                         000000
__CFG_XINST$OFF                      (abs)                         000000
__HRAM                               (abs)                         000000
__H_ADC_ThrottleLED_Lookup_const     _ADC_ThrottleLED_Lookup_const 000190
__H_ADC_ThrottlePWM_Lookup_const     _ADC_ThrottlePWM_Lookup_const 000190
__Habs1                              abs1                          000000
__Hbank0                             bank0                         000000
__Hbank1                             bank1                         000000
__Hbank2                             bank2                         000000
__Hbank3                             bank3                         000000
__Hbank4                             bank4                         000000
__Hbank5                             bank5                         000000
__Hbigbss                            bigbss                        000000
__Hbigdata                           bigdata                       000000
__Hbigram                            bigram                        000000
__Hbss                               bss                           000000
__Hcinit                             cinit                         000000
__Hclrtext                           clrtext                       000000
__Hcomram                            comram                        000000
__Hconfig                            config                        30000E
__Hconst                             const                         000000
__HcstackCOMRAM                      cstackCOMRAM                  000000
__Hdata                              data                          000000
__Heeprom_data                       eeprom_data                   000000
__Hend_init                          end_init                      000006
__Hfarbss                            farbss                        000000
__Hfardata                           fardata                       000000
__Hibigdata                          ibigdata                      000000
__Hidata                             idata                         000000
__Hidloc                             idloc                         200008
__Hifardata                          ifardata                      000000
__Hinit                              init                          000002
__Hintcode                           intcode                       000002
__Hintcode_body                      intcode_body                  000000
__Hintcodelo                         intcodelo                     000002
__Hintentry                          intentry                      000000
__Hintret                            intret                        000000
__Hintsave_regs                      intsave_regs                  000000
__Hirdata                            irdata                        000000
__Hmediumconst                       mediumconst                   000000
__HnvCOMRAM                          nvCOMRAM                      000000
__HnvFARRAM                          nvFARRAM                      000000
__Hnvbit                             nvbit                         000000
__Hnvrram                            nvrram                        000000
__Hparam                             rparam                        000000
__Hpowerup                           powerup                       000002
__Hram                               ram                           000000
__Hramtop                            ramtop                        000600
__Hrbit                              rbit                          000000
__Hrbss                              rbss                          000000
__Hrdata                             rdata                         000000
__Hreset_vec                         reset_vec                     000002
__Hrparam                            rparam                        000000
__Hsfr                               sfr                           000000
__Hsmallconst                        smallconst                    000602
__Hspace_0                           (abs)                         30000E
__Hspace_1                           (abs)                         000004
__Hspace_2                           (abs)                         000000
__Hstack                             stack                         000000
__Hstruct                            struct                        000000
__Htemp                              temp                          000000
__Htext                              text                          000000
__Htext0                             text0                         000000
__Htext1                             text1                         000000
__Htext2                             text2                         000000
__Htext3                             text3                         000000
__Htext4                             text4                         000000
__LRAM                               (abs)                         000001
__L_ADC_ThrottleLED_Lookup_const     _ADC_ThrottleLED_Lookup_const 000180
__L_ADC_ThrottlePWM_Lookup_const     _ADC_ThrottlePWM_Lookup_const 000180
__Labs1                              abs1                          000000
__Lbank0                             bank0                         000000
__Lbank1                             bank1                         000000
__Lbank2                             bank2                         000000
__Lbank3                             bank3                         000000
__Lbank4                             bank4                         000000
__Lbank5                             bank5                         000000
__Lbigbss                            bigbss                        000000
__Lbigdata                           bigdata                       000000
__Lbigram                            bigram                        000000
__Lbss                               bss                           000000
__Lcinit                             cinit                         000000
__Lclrtext                           clrtext                       000000
__Lcomram                            comram                        000000
__Lconfig                            config                        300000
__Lconst                             const                         000000
__LcstackCOMRAM                      cstackCOMRAM                  000000
__Ldata                              data                          000000
__Leeprom_data                       eeprom_data                   000000
__Lend_init                          end_init                      000002
__Lfarbss                            farbss                        000000
__Lfardata                           fardata                       000000
__Libigdata                          ibigdata                      000000
__Lidata                             idata                         000000
__Lidloc                             idloc                         200000
__Lifardata                          ifardata                      000000
__Linit                              init                          000002
__Lintcode                           intcode                       000002
__Lintcode_body                      intcode_body                  000000
__Lintcodelo                         intcodelo                     000002
__Lintentry                          intentry                      000000
__Lintret                            intret                        000000
__Lintsave_regs                      intsave_regs                  000000
__Lirdata                            irdata                        000000
__Lmediumconst                       mediumconst                   000000
__LnvCOMRAM                          nvCOMRAM                      000000
__LnvFARRAM                          nvFARRAM                      000000
__Lnvbit                             nvbit                         000000
__Lnvrram                            nvrram                        000000
__Lparam                             rparam                        000000
__Lpowerup                           powerup                       000002
__Lram                               ram                           000000
__Lramtop                            ramtop                        000600
__Lrbit                              rbit                          000000
__Lrbss                              rbss                          000000
__Lrdata                             rdata                         000000
__Lreset_vec                         reset_vec                     000000
__Lrparam                            rparam                        000000
__Lsfr                               sfr                           000000
__Lsmallconst                        smallconst                    000600
__Lspace_0                           (abs)                         000000
__Lspace_1                           (abs)                         000000
__Lspace_2                           (abs)                         000000
__Lstack                             stack                         000000
__Lstruct                            struct                        000000
__Ltemp                              temp                          000000
__Ltext                              text                          000000
__Ltext0                             text0                         000000
__Ltext1                             text1                         000000
__Ltext2                             text2                         000000
__Ltext3                             text3                         000000
__Ltext4                             text4                         000000
__S0                                 (abs)                         30000E
__S1                                 (abs)                         000004
__S2                                 (abs)                         000000
___inthi_sp                          stack                         000000
___intlo_sp                          stack                         000000
___param_bank                        (abs)                         000010
___rparam_used                       (abs)                         000001
___sp                                stack                         000000
__accesstop                          (abs)                         000060
__activetblptr                       (abs)                         000002
__end_of_ADC_Convert                 text4                         00069E
__end_of_ADC_Init                    text3                         000670
__end_of_ADC_ThrottleLED_Lookup      _ADC_ThrottleLED_Lookup_const 000190
__end_of_ADC_ThrottlePWM_Lookup      _ADC_ThrottlePWM_Lookup_const 000190
__end_of_Delay1KTCYx                 text2                         000682
__end_of_PWM_Init                    text1                         000690
__end_of__initialization             cinit                         00069E
__end_of_main                        text0                         000656
__initialization                     cinit                         00069E
__mediumconst                        mediumconst                   000000
__p_ADC_ThrottleLED_Lookup_const     _ADC_ThrottleLED_Lookup_const 000180
__p_ADC_ThrottlePWM_Lookup_const     _ADC_ThrottlePWM_Lookup_const 000180
__pcinit                             cinit                         00069E
__pcstackCOMRAM                      cstackCOMRAM                  000003
__pnvCOMRAM                          nvCOMRAM                      000001
__psmallconst                        smallconst                    000600
__ptext0                             text0                         000602
__ptext1                             text1                         000682
__ptext2                             text2                         000670
__ptext3                             text3                         000656
__ptext4                             text4                         000690
__ramtop                             ramtop                        000600
__size_of_ADC_Convert                (abs)                         000000
__size_of_ADC_Init                   (abs)                         000000
__size_of_Delay1KTCYx                (abs)                         000000
__size_of_PWM_Init                   (abs)                         000000
__size_of_main                       (abs)                         000000
__smallconst                         smallconst                    000600
_main                                text0                         000602
end_of_initialization                cinit                         00069E
intlevel0                            text                          000000
intlevel1                            text                          000000
intlevel2                            text                          000000
intlevel3                            text                          000000
stackhi                              (abs)                         0005EE
stacklo                              (abs)                         000060
start                                init                          000002
start_initialization                 cinit                         00069E


FUNCTION INFORMATION:

 *************** function _main *****************
 Defined at:
		line 86 in file "Throttle.c"
 Parameters:    Size  Location     Type
		None
 Auto vars:     Size  Location     Type
		None
 Return value:  Size  Location     Type
		None               void
 Registers used:
		wreg, status,2, status,0, tblptrl, tblptrh, tblptru, prodl, prodh, cstack
 Tracked objects:
		On entry : 
		On exit  : 
		Unchanged: 
 Data sizes:     COMRAM   BANK0   BANK1   BANK2   BANK3   BANK4   BANK5
      Params:         0       0       0       0       0       0       0
      Locals:         0       0       0       0       0       0       0
      Temps:          0       0       0       0       0       0       0
      Totals:         0       0       0       0       0       0       0
Total ram usage:        0 bytes
 Hardware stack levels required when called:    1
 This function calls:
		_ADC_Convert
		_ADC_Init
		_Delay1KTCYx
		_PWM_Init
 This function is called by:
		Startup code after reset
 This function uses a non-reentrant model


 *************** function _PWM_Init *****************
 Defined at:
		line 163 in file "Throttle.c"
 Parameters:    Size  Location     Type
		None
 Auto vars:     Size  Location     Type
		None
 Return value:  Size  Location     Type
		None               void
 Registers used:
		wreg, status,2
 Tracked objects:
		On entry : 
		On exit  : 
		Unchanged: 
 Data sizes:     COMRAM   BANK0   BANK1   BANK2   BANK3   BANK4   BANK5
      Params:         0       0       0       0       0       0       0
      Locals:         0       0       0       0       0       0       0
      Temps:          0       0       0       0       0       0       0
      Totals:         0       0       0       0       0       0       0
Total ram usage:        0 bytes
 Hardware stack levels used:    1
 This function calls:
		Nothing
 This function is called by:
		_main
 This function uses a non-reentrant model


 *************** function _Delay1KTCYx *****************
 Defined at:
		line 8 in file "C:\Program Files (x86)\Microchip\xc8\v1.34\sources\pic18\d1ktcyx.c"
 Parameters:    Size  Location     Type
  unit            1    wreg     unsigned char 
 Auto vars:     Size  Location     Type
  unit            1    0[COMRAM] unsigned char 
 Return value:  Size  Location     Type
		None               void
 Registers used:
		wreg
 Tracked objects:
		On entry : 
		On exit  : 
		Unchanged: 
 Data sizes:     COMRAM   BANK0   BANK1   BANK2   BANK3   BANK4   BANK5
      Params:         0       0       0       0       0       0       0
      Locals:         1       0       0       0       0       0       0
      Temps:          0       0       0       0       0       0       0
      Totals:         1       0       0       0       0       0       0
Total ram usage:        1 bytes
 Hardware stack levels used:    1
 This function calls:
		Nothing
 This function is called by:
		_main
 This function uses a non-reentrant model


 *************** function _ADC_Init *****************
 Defined at:
		line 126 in file "Throttle.c"
 Parameters:    Size  Location     Type
		None
 Auto vars:     Size  Location     Type
		None
 Return value:  Size  Location     Type
		None               void
 Registers used:
		wreg, status,2
 Tracked objects:
		On entry : 
		On exit  : 
		Unchanged: 
 Data sizes:     COMRAM   BANK0   BANK1   BANK2   BANK3   BANK4   BANK5
      Params:         0       0       0       0       0       0       0
      Locals:         0       0       0       0       0       0       0
      Temps:          0       0       0       0       0       0       0
      Totals:         0       0       0       0       0       0       0
Total ram usage:        0 bytes
 Hardware stack levels used:    1
 This function calls:
		Nothing
 This function is called by:
		_main
 This function uses a non-reentrant model


 *************** function _ADC_Convert *****************
 Defined at:
		line 181 in file "Throttle.c"
 Parameters:    Size  Location     Type
		None
 Auto vars:     Size  Location     Type
		None
 Return value:  Size  Location     Type
                  1    wreg      unsigned char 
 Registers used:
		wreg, status,2
 Tracked objects:
		On entry : 
		On exit  : 
		Unchanged: 
 Data sizes:     COMRAM   BANK0   BANK1   BANK2   BANK3   BANK4   BANK5
      Params:         0       0       0       0       0       0       0
      Locals:         0       0       0       0       0       0       0
      Temps:          0       0       0       0       0       0       0
      Totals:         0       0       0       0       0       0       0
Total ram usage:        0 bytes
 Hardware stack levels used:    1
 This function calls:
		Nothing
 This function is called by:
		_main
 This function uses a non-reentrant model



MODULE INFORMATION

Module		Function		Class		Link	Load	Size
C:\Program Files (x86)\Microchip\xc8\v1.34\sources\pic18\d1ktcyx.c
		_Delay1KTCYx   		CODE           	0670	0000	19

C:\Program Files (x86)\Microchip\xc8\v1.34\sources\pic18\d1ktcyx.c estimated size: 19

Throttle.c
		_main          		CODE           	0602	0000	85
		_ADC_Convert   		CODE           	0690	0000	15
		_PWM_Init      		CODE           	0682	0000	15
		_ADC_Init      		CODE           	0656	0000	27

Throttle.c estimated size: 142

shared
		__initializatio		CODE           	069E	0000	1
		_ADC_ThrottleLE		CODE           	0180	0000	17
		_ADC_ThrottlePW		CODE           	0180	0000	17

shared estimated size: 35

