Microchip MPLAB XC8 Compiler V1.34 ()

Linker command line:

--edf=C:\Program Files (x86)\Microchip\xc8\v1.34\dat\en_msgs.txt -cs \
  -h+dist/default/debug\Controller.X.debug.sym \
  --cmf=dist/default/debug\Controller.X.debug.cmf -z -Q18F45K20 \
  -oC:\Users\ADMINI~1\AppData\Local\Temp\s270.6 \
  -Mdist/default/debug/Controller.X.debug.map -E1 -ver=XC8 \
  -ASTACK=060h-05eeh -pstack=STACK -p_ADC_ThrottlePWM_Lookup_const=180h \
  -ACODE=00h-07CFFh -ACONST=00h-07CFFh -ASMALLCONST=0600h-06FFhx119 \
  -AMEDIUMCONST=0600h-07CFFh -ACOMRAM=01h-05Fh -AABS1=00h-05EEh \
  -ABIGRAM=01h-05EEh -ARAM=060h-0FFh,0100h-01FFhx4,0500h-05EEh \
  -ABANK0=060h-0FFh -ABANK1=0100h-01FFh -ABANK2=0200h-02FFh \
  -ABANK3=0300h-03FFh -ABANK4=0400h-04FFh -ABANK5=0500h-05EEh \
  -ASFR=0F60h-0F9Bh,0F9Dh-0FD3h,0FD5h-0FDAh,0FE0h-0FE2h,0FE8h-0FEAh,0FF0h-0FFBh \
  -preset_vec=00h,intcode,intcodelo,powerup,init,end_init -pramtop=0600h \
  -psmallconst=SMALLCONST -pmediumconst=MEDIUMCONST -pconst=CONST \
  -AFARRAM=00h-00h -ACONFIG=0300000h-030000Dh -pconfig=CONFIG \
  -AIDLOC=0200000h-0200007h -pidloc=IDLOC -AEEDATA=0F00000h-0F000FFh \
  -peeprom_data=EEDATA \
  -prdata=COMRAM,nvrram=COMRAM,nvbit=COMRAM,rbss=COMRAM,rbit=COMRAM \
  -pfarbss=FARRAM,fardata=FARRAM,nvFARRAM=FARRAM \
  -pintsave_regs=BIGRAM,bigbss=BIGRAM,bigdata=BIGRAM -pbss=RAM \
  -pidata=CODE,irdata=CODE,ibigdata=CODE,ifardata=CODE -prparam=COMRAM \
  C:\Users\ADMINI~1\AppData\Local\Temp\s270.obj \
  dist/default/debug\Controller.X.debug.obj 

Object code version is 3.11

Machine type is 18F45K20

Call graph: (short form)




                Name                               Link     Load   Length Selector   Space Scale
C:\Users\ADMINI~1\AppData\Local\Temp\s270.obj
                end_init                              2        2        4        0       0
                reset_vec                             0        0        2        0       0
                idloc                            200000   200000        8   200000       0
                config                           300000   300000        E   300000       0
dist/default/debug\Controller.X.debug.obj
                smallconst                          600      600       10      300       0
                text19                              AD8      AD8        E      308       0
                text18                              A80      A80       18      308       0
                text17                              AAA      AAA       12      308       0
                text16                              AE6      AE6        C      308       0
                text15                              AF2      AF2        8      308       0
                text14                              9E2      9E2       3C      308       0
                text13                              A98      A98       12      308       0
                text12                              A68      A68       18      308       0
                text11                              8C2      8C2       54      308       0
                text10                              9A2      9A2       40      308       0
                text9                               610      610       B0      308       0
                text8                               A48      A48       20      308       0
                text7                               ACA      ACA        E      308       0
                text6                               962      962       40      308       0
                text5                               806      806       60      308       0
                text4                               866      866       5C      308       0
                text3                               916      916       4C      308       0
                text2                               6C0      6C0       AA      308       0
                text1                               A1E      A1E       2A      308       0
                text0                               76A      76A       9C      308       0
                cstackCOMRAM                          1        1       16        1       1
                bssCOMRAM                            17       17        2        1       1
                cinit                               ABC      ABC        E      308       0
                _ADC_ThrottlePWM_Lookup_const       180      180       10       C0       0

TOTAL           Name                               Link     Load   Length     Space
        CLASS   STACK          

        CLASS   CODE           
                end_init                              2        2        4         0
                reset_vec                             0        0        2         0
                text19                              AD8      AD8        E         0
                text18                              A80      A80       18         0
                text17                              AAA      AAA       12         0
                text16                              AE6      AE6        C         0
                text15                              AF2      AF2        8         0
                text14                              9E2      9E2       3C         0
                text13                              A98      A98       12         0
                text12                              A68      A68       18         0
                text11                              8C2      8C2       54         0
                text10                              9A2      9A2       40         0
                text9                               610      610       B0         0
                text8                               A48      A48       20         0
                text7                               ACA      ACA        E         0
                text6                               962      962       40         0
                text5                               806      806       60         0
                text4                               866      866       5C         0
                text3                               916      916       4C         0
                text2                               6C0      6C0       AA         0
                text1                               A1E      A1E       2A         0
                text0                               76A      76A       9C         0
                cinit                               ABC      ABC        E         0
                _ADC_ThrottlePWM_Lookup_const       180      180       10         0

        CLASS   CONST          

        CLASS   SMALLCONST     
                smallconst                          600      600       10         0

        CLASS   MEDIUMCONST    

        CLASS   COMRAM         
                cstackCOMRAM                          1        1       16         1
                bssCOMRAM                            17       17        2         1

        CLASS   ABS1           

        CLASS   BIGRAM         

        CLASS   RAM            

        CLASS   BANK0          

        CLASS   BANK1          

        CLASS   BANK2          

        CLASS   BANK3          

        CLASS   BANK4          

        CLASS   BANK5          

        CLASS   SFR            

        CLASS   FARRAM         

        CLASS   CONFIG         
                config                           300000   300000        E         0

        CLASS   IDLOC          
                idloc                            200000   200000        8         0

        CLASS   EEDATA         



SEGMENTS        Name                           Load    Length   Top    Selector   Space  Class

                reset_vec                      000000  000006  000006         0       0  CODE    
                cstackCOMRAM                   000001  000018  000019         1       1  COMRAM  
                _ADC_ThrottlePWM_Lookup_const  000180  000010  000190        C0       0  CODE    
                smallconst                     000600  000010  000610       300       0  SMALLCON
                text9                          000610  0004EA  000AFA       308       0  CODE    
                idloc                          200000  000008  200008    200000       0  IDLOC   
                config                         300000  00000E  30000E    300000       0  CONFIG  


UNUSED ADDRESS RANGES

        Name                Unused          Largest block    Delta
        BANK0            000060-0000FF               A0
        BANK1            000100-0001FF              100
        BANK2            000200-0002FF              100
        BANK3            000300-0003FF              100
        BANK4            000400-0004FF              100
        BANK5            000500-0005EE               EF
        BIGRAM           000019-0005EE              5D6
        CODE             000006-00017F              17A
                         000190-0005FF              470
                         000AFA-007CFF             7206
        COMRAM           000019-00005F               47
        CONST            000006-00017F              17A
                         000190-0005FF              470
                         000AFA-007CFF             7206
        EEDATA           F00000-F000FF              100
        MEDIUMCONST      000AFA-007CFF             7206
        RAM              000060-0005EE              100
        SFR              000F60-000F9B               3C
                         000F9D-000FD3               37
                         000FD5-000FDA                6
                         000FE0-000FE2                3
                         000FE8-000FEA                3
                         000FF0-000FFB                C
        SMALLCONST       000AFA-007CFF              100
        STACK            000060-0005EE              58F

                                  Symbol Table

?___lwdiv                            cstackCOMRAM                  000001
?___lwmod                            cstackCOMRAM                  000001
Delay100TCYx@unit                    cstackCOMRAM                  000001
Delay10KTCYx@unit                    cstackCOMRAM                  000002
Delay1KTCYx@unit                     cstackCOMRAM                  000001
Delay1TCYx@unit                      cstackCOMRAM                  000001
OpenLCD@lcdtype                      cstackCOMRAM                  000006
SetLCDDDRamAddr@DDaddr               cstackCOMRAM                  000005
WriteCmdLCD@cmd                      cstackCOMRAM                  000002
WriteDataLCD@data                    cstackCOMRAM                  000002
_ADCON0                              (abs)                         000FC2
_ADCON0bits                          (abs)                         000FC2
_ADCON1                              (abs)                         000FC1
_ADCON2                              (abs)                         000FC0
_ADC_Convert                         text19                        000AD8
_ADC_Init                            text18                        000A80
_ADC_ThrottlePWM_Lookup              _ADC_ThrottlePWM_Lookup_const 000180
_ADC_ThrottlePWM_Lookup_absconstaddr (abs)                         000180
_ADC_Value                           bssCOMRAM                     000017
_ADRESH                              (abs)                         000FC4
_ANSEL                               (abs)                         000F7E
_ANSELH                              (abs)                         000F7F
_ANSELbits                           (abs)                         000F7E
_BusyLCD                             text14                        0009E2
_CCP1CON                             (abs)                         000FBD
_CCPR1L                              (abs)                         000FBE
_Counter                             bssCOMRAM                     000018
_Delay100TCYx                        text13                        000A98
_Delay10KTCYx                        text12                        000A68
_Delay1KTCYx                         text17                        000AAA
_Delay1TCYx                          text16                        000AE6
_DelayFor18TCY                       text15                        000AF2
_INTCON2bits                         (abs)                         000FF1
_InitLCD                             text8                         000A48
_LATCbits                            (abs)                         000F8B
_LATD                                (abs)                         000F8C
_OpenLCD                             text9                         000610
_PORTC                               (abs)                         000F82
_PR2                                 (abs)                         000FCB
_PWM_Init                            text7                         000ACA
_SetLCDDDRamAddr                     text11                        0008C2
_T2CON                               (abs)                         000FCA
_TRISAbits                           (abs)                         000F92
_TRISC                               (abs)                         000F94
_TRISCbits                           (abs)                         000F94
_TRISD                               (abs)                         000F95
_WPUBbits                            (abs)                         000F7C
_WriteCmdLCD                         text10                        0009A2
_WriteDataLCD                        text6                         000962
__CFG_BOREN$SBORDIS                  (abs)                         000000
__CFG_BORV$30                        (abs)                         000000
__CFG_CCP2MX$PORTBE                  (abs)                         000000
__CFG_CP0$OFF                        (abs)                         000000
__CFG_CP1$OFF                        (abs)                         000000
__CFG_CP2$OFF                        (abs)                         000000
__CFG_CP3$OFF                        (abs)                         000000
__CFG_CPB$OFF                        (abs)                         000000
__CFG_CPD$OFF                        (abs)                         000000
__CFG_EBTR0$OFF                      (abs)                         000000
__CFG_EBTR1$OFF                      (abs)                         000000
__CFG_EBTR2$OFF                      (abs)                         000000
__CFG_EBTR3$OFF                      (abs)                         000000
__CFG_EBTRB$OFF                      (abs)                         000000
__CFG_FCMEN$OFF                      (abs)                         000000
__CFG_FOSC$INTIO67                   (abs)                         000000
__CFG_IESO$OFF                       (abs)                         000000
__CFG_LPT1OSC$ON                     (abs)                         000000
__CFG_LVP$OFF                        (abs)                         000000
__CFG_PBADEN$ON                      (abs)                         000000
__CFG_PWRT$OFF                       (abs)                         000000
__CFG_STVREN$ON                      (abs)                         000000
__CFG_WDTEN$OFF                      (abs)                         000000
__CFG_WDTPS$32768                    (abs)                         000000
__CFG_WRT0$OFF                       (abs)                         000000
__CFG_WRT1$OFF                       (abs)                         000000
__CFG_WRT2$OFF                       (abs)                         000000
__CFG_WRT3$OFF                       (abs)                         000000
__CFG_WRTB$OFF                       (abs)                         000000
__CFG_WRTC$OFF                       (abs)                         000000
__CFG_WRTD$OFF                       (abs)                         000000
__CFG_XINST$OFF                      (abs)                         000000
__HRAM                               (abs)                         000000
__H_ADC_ThrottlePWM_Lookup_const     _ADC_ThrottlePWM_Lookup_const 000190
__Habs1                              abs1                          000000
__Hbank0                             bank0                         000000
__Hbank1                             bank1                         000000
__Hbank2                             bank2                         000000
__Hbank3                             bank3                         000000
__Hbank4                             bank4                         000000
__Hbank5                             bank5                         000000
__Hbigbss                            bigbss                        000000
__Hbigdata                           bigdata                       000000
__Hbigram                            bigram                        000000
__Hbss                               bss                           000000
__HbssCOMRAM                         bssCOMRAM                     000000
__Hcinit                             cinit                         000000
__Hclrtext                           clrtext                       000000
__Hcomram                            comram                        000000
__Hconfig                            config                        30000E
__Hconst                             const                         000000
__HcstackCOMRAM                      cstackCOMRAM                  000000
__Hdata                              data                          000000
__Heeprom_data                       eeprom_data                   000000
__Hend_init                          end_init                      000006
__Hfarbss                            farbss                        000000
__Hfardata                           fardata                       000000
__Hibigdata                          ibigdata                      000000
__Hidata                             idata                         000000
__Hidloc                             idloc                         200008
__Hifardata                          ifardata                      000000
__Hinit                              init                          000002
__Hintcode                           intcode                       000002
__Hintcode_body                      intcode_body                  000000
__Hintcodelo                         intcodelo                     000002
__Hintentry                          intentry                      000000
__Hintret                            intret                        000000
__Hintsave_regs                      intsave_regs                  000000
__Hirdata                            irdata                        000000
__Hmediumconst                       mediumconst                   000000
__HnvFARRAM                          nvFARRAM                      000000
__Hnvbit                             nvbit                         000000
__Hnvrram                            nvrram                        000000
__Hparam                             rparam                        000000
__Hpowerup                           powerup                       000002
__Hram                               ram                           000000
__Hramtop                            ramtop                        000600
__Hrbit                              rbit                          000000
__Hrbss                              rbss                          000000
__Hrdata                             rdata                         000000
__Hreset_vec                         reset_vec                     000002
__Hrparam                            rparam                        000000
__Hsfr                               sfr                           000000
__Hsmallconst                        smallconst                    000610
__Hspace_0                           (abs)                         30000E
__Hspace_1                           (abs)                         000019
__Hspace_2                           (abs)                         000000
__Hstack                             stack                         000000
__Hstruct                            struct                        000000
__Htemp                              temp                          000000
__Htext                              text                          000000
__Htext0                             text0                         000000
__Htext1                             text1                         000000
__Htext10                            text10                        000000
__Htext11                            text11                        000000
__Htext12                            text12                        000000
__Htext13                            text13                        000000
__Htext14                            text14                        000000
__Htext15                            text15                        000000
__Htext16                            text16                        000000
__Htext17                            text17                        000000
__Htext18                            text18                        000000
__Htext19                            text19                        000000
__Htext2                             text2                         000000
__Htext3                             text3                         000000
__Htext4                             text4                         000000
__Htext5                             text5                         000000
__Htext6                             text6                         000000
__Htext7                             text7                         000000
__Htext8                             text8                         000000
__Htext9                             text9                         000000
__LRAM                               (abs)                         000001
__L_ADC_ThrottlePWM_Lookup_const     _ADC_ThrottlePWM_Lookup_const 000180
__Labs1                              abs1                          000000
__Lbank0                             bank0                         000000
__Lbank1                             bank1                         000000
__Lbank2                             bank2                         000000
__Lbank3                             bank3                         000000
__Lbank4                             bank4                         000000
__Lbank5                             bank5                         000000
__Lbigbss                            bigbss                        000000
__Lbigdata                           bigdata                       000000
__Lbigram                            bigram                        000000
__Lbss                               bss                           000000
__LbssCOMRAM                         bssCOMRAM                     000000
__Lcinit                             cinit                         000000
__Lclrtext                           clrtext                       000000
__Lcomram                            comram                        000000
__Lconfig                            config                        300000
__Lconst                             const                         000000
__LcstackCOMRAM                      cstackCOMRAM                  000000
__Ldata                              data                          000000
__Leeprom_data                       eeprom_data                   000000
__Lend_init                          end_init                      000002
__Lfarbss                            farbss                        000000
__Lfardata                           fardata                       000000
__Libigdata                          ibigdata                      000000
__Lidata                             idata                         000000
__Lidloc                             idloc                         200000
__Lifardata                          ifardata                      000000
__Linit                              init                          000002
__Lintcode                           intcode                       000002
__Lintcode_body                      intcode_body                  000000
__Lintcodelo                         intcodelo                     000002
__Lintentry                          intentry                      000000
__Lintret                            intret                        000000
__Lintsave_regs                      intsave_regs                  000000
__Lirdata                            irdata                        000000
__Lmediumconst                       mediumconst                   000000
__LnvFARRAM                          nvFARRAM                      000000
__Lnvbit                             nvbit                         000000
__Lnvrram                            nvrram                        000000
__Lparam                             rparam                        000000
__Lpowerup                           powerup                       000002
__Lram                               ram                           000000
__Lramtop                            ramtop                        000600
__Lrbit                              rbit                          000000
__Lrbss                              rbss                          000000
__Lrdata                             rdata                         000000
__Lreset_vec                         reset_vec                     000000
__Lrparam                            rparam                        000000
__Lsfr                               sfr                           000000
__Lsmallconst                        smallconst                    000600
__Lspace_0                           (abs)                         000000
__Lspace_1                           (abs)                         000000
__Lspace_2                           (abs)                         000000
__Lstack                             stack                         000000
__Lstruct                            struct                        000000
__Ltemp                              temp                          000000
__Ltext                              text                          000000
__Ltext0                             text0                         000000
__Ltext1                             text1                         000000
__Ltext10                            text10                        000000
__Ltext11                            text11                        000000
__Ltext12                            text12                        000000
__Ltext13                            text13                        000000
__Ltext14                            text14                        000000
__Ltext15                            text15                        000000
__Ltext16                            text16                        000000
__Ltext17                            text17                        000000
__Ltext18                            text18                        000000
__Ltext19                            text19                        000000
__Ltext2                             text2                         000000
__Ltext3                             text3                         000000
__Ltext4                             text4                         000000
__Ltext5                             text5                         000000
__Ltext6                             text6                         000000
__Ltext7                             text7                         000000
__Ltext8                             text8                         000000
__Ltext9                             text9                         000000
__S0                                 (abs)                         30000E
__S1                                 (abs)                         000019
__S2                                 (abs)                         000000
___inthi_sp                          stack                         000000
___intlo_sp                          stack                         000000
___lwdiv                             text4                         000866
___lwdiv@counter                     cstackCOMRAM                  000007
___lwdiv@dividend                    cstackCOMRAM                  000001
___lwdiv@divisor                     cstackCOMRAM                  000003
___lwdiv@quotient                    cstackCOMRAM                  000005
___lwmod                             text3                         000916
___lwmod@counter                     cstackCOMRAM                  000005
___lwmod@dividend                    cstackCOMRAM                  000001
___lwmod@divisor                     cstackCOMRAM                  000003
___param_bank                        (abs)                         000010
___rparam_used                       (abs)                         000001
___sp                                stack                         000000
__accesstop                          (abs)                         000060
__activetblptr                       (abs)                         000002
__end_of_ADC_Convert                 text19                        000AE6
__end_of_ADC_Init                    text18                        000A98
__end_of_ADC_ThrottlePWM_Lookup      _ADC_ThrottlePWM_Lookup_const 000190
__end_of_BusyLCD                     text14                        000A1E
__end_of_Delay100TCYx                text13                        000AAA
__end_of_Delay10KTCYx                text12                        000A80
__end_of_Delay1KTCYx                 text17                        000ABC
__end_of_Delay1TCYx                  text16                        000AF2
__end_of_DelayFor18TCY               text15                        000AFA
__end_of_InitLCD                     text8                         000A68
__end_of_OpenLCD                     text9                         0006C0
__end_of_PWM_Init                    text7                         000AD8
__end_of_SetLCDDDRamAddr             text11                        000916
__end_of_WriteCmdLCD                 text10                        0009E2
__end_of_WriteDataLCD                text6                         0009A2
__end_of___lwdiv                     text4                         0008C2
__end_of___lwmod                     text3                         000962
__end_of__initialization             cinit                         000AC0
__end_of_main                        text0                         000806
__end_of_putIntLCD                   text1                         000A48
__end_of_putLCD                      text5                         000866
__end_of_utoa                        text2                         00076A
__initialization                     cinit                         000ABC
__mediumconst                        mediumconst                   000000
__p_ADC_ThrottlePWM_Lookup_const     _ADC_ThrottlePWM_Lookup_const 000180
__pbssCOMRAM                         bssCOMRAM                     000017
__pcinit                             cinit                         000ABC
__pcstackCOMRAM                      cstackCOMRAM                  000001
__psmallconst                        smallconst                    000600
__ptext0                             text0                         00076A
__ptext1                             text1                         000A1E
__ptext10                            text10                        0009A2
__ptext11                            text11                        0008C2
__ptext12                            text12                        000A68
__ptext13                            text13                        000A98
__ptext14                            text14                        0009E2
__ptext15                            text15                        000AF2
__ptext16                            text16                        000AE6
__ptext17                            text17                        000AAA
__ptext18                            text18                        000A80
__ptext19                            text19                        000AD8
__ptext2                             text2                         0006C0
__ptext3                             text3                         000916
__ptext4                             text4                         000866
__ptext5                             text5                         000806
__ptext6                             text6                         000962
__ptext7                             text7                         000ACA
__ptext8                             text8                         000A48
__ptext9                             text9                         000610
__ramtop                             ramtop                        000600
__size_of_ADC_Convert                (abs)                         000000
__size_of_ADC_Init                   (abs)                         000000
__size_of_BusyLCD                    (abs)                         000000
__size_of_Delay100TCYx               (abs)                         000000
__size_of_Delay10KTCYx               (abs)                         000000
__size_of_Delay1KTCYx                (abs)                         000000
__size_of_Delay1TCYx                 (abs)                         000000
__size_of_DelayFor18TCY              (abs)                         000000
__size_of_InitLCD                    (abs)                         000000
__size_of_OpenLCD                    (abs)                         000000
__size_of_PWM_Init                   (abs)                         000000
__size_of_SetLCDDDRamAddr            (abs)                         000000
__size_of_WriteCmdLCD                (abs)                         000000
__size_of_WriteDataLCD               (abs)                         000000
__size_of___lwdiv                    (abs)                         000000
__size_of___lwmod                    (abs)                         000000
__size_of_main                       (abs)                         000000
__size_of_putIntLCD                  (abs)                         000000
__size_of_putLCD                     (abs)                         000000
__size_of_utoa                       (abs)                         000000
__smallconst                         smallconst                    000600
_main                                text0                         00076A
_putIntLCD                           text1                         000A1E
_putLCD                              text5                         000806
_utoa                                text2                         0006C0
end_of_initialization                cinit                         000AC0
intlevel0                            text                          000000
intlevel1                            text                          000000
intlevel2                            text                          000000
intlevel3                            text                          000000
putIntLCD@n                          cstackCOMRAM                  000011
putIntLCD@result                     cstackCOMRAM                  000013
putLCD@buffer                        cstackCOMRAM                  000003
stackhi                              (abs)                         0005EE
stacklo                              (abs)                         000060
start                                init                          000002
start_initialization                 cinit                         000ABC
utoa@base                            cstackCOMRAM                  00000C
utoa@buf                             cstackCOMRAM                  000008
utoa@c                               cstackCOMRAM                  000010
utoa@v                               cstackCOMRAM                  00000E
utoa@val                             cstackCOMRAM                  00000A


FUNCTION INFORMATION:

 *************** function _main *****************
 Defined at:
		line 60 in file "main.c"
 Parameters:    Size  Location     Type
		None
 Auto vars:     Size  Location     Type
		None
 Return value:  Size  Location     Type
		None               void
 Registers used:
		wreg, fsr0l, fsr0h, fsr2l, fsr2h, status,2, status,0, tblptrl, tblptrh, tblptru, prodl, prodh, cstack
 Tracked objects:
		On entry : 
		On exit  : 
		Unchanged: 
 Data sizes:     COMRAM   BANK0   BANK1   BANK2   BANK3   BANK4   BANK5
      Params:         0       0       0       0       0       0       0
      Locals:         0       0       0       0       0       0       0
      Temps:          0       0       0       0       0       0       0
      Totals:         0       0       0       0       0       0       0
Total ram usage:        0 bytes
 Hardware stack levels required when called:    5
 This function calls:
		_ADC_Convert
		_ADC_Init
		_BusyLCD
		_Delay1KTCYx
		_InitLCD
		_PWM_Init
		_SetLCDDDRamAddr
		_WriteCmdLCD
		_putIntLCD
		_putLCD
 This function is called by:
		Startup code after reset
 This function uses a non-reentrant model


 *************** function _putIntLCD *****************
 Defined at:
		line 188 in file "xlcd.c"
 Parameters:    Size  Location     Type
  n               2   16[COMRAM] short 
 Auto vars:     Size  Location     Type
  result          4   18[COMRAM] unsigned char [4]
 Return value:  Size  Location     Type
		None               void
 Registers used:
		wreg, fsr0l, fsr0h, fsr2l, fsr2h, status,2, status,0, tblptrl, tblptrh, tblptru, cstack
 Tracked objects:
		On entry : 
		On exit  : 
		Unchanged: 
 Data sizes:     COMRAM   BANK0   BANK1   BANK2   BANK3   BANK4   BANK5
      Params:         2       0       0       0       0       0       0
      Locals:         4       0       0       0       0       0       0
      Temps:          0       0       0       0       0       0       0
      Totals:         6       0       0       0       0       0       0
Total ram usage:        6 bytes
 Hardware stack levels used:    1
 Hardware stack levels required when called:    4
 This function calls:
		_putLCD
		_utoa
 This function is called by:
		_main
 This function uses a non-reentrant model


 *************** function _utoa *****************
 Defined at:
		line 17 in file "C:\Program Files (x86)\Microchip\xc8\v1.34\sources\common\itoa.c"
 Parameters:    Size  Location     Type
  buf             2    7[COMRAM] PTR unsigned char 
		 -> putIntLCD@result(4), 
  val             2    9[COMRAM] unsigned int 
  base            2   11[COMRAM] int 
 Auto vars:     Size  Location     Type
  v               2   13[COMRAM] unsigned int 
  c               1   15[COMRAM] unsigned char 
 Return value:  Size  Location     Type
                  2    7[COMRAM] PTR unsigned char 
 Registers used:
		wreg, fsr2l, fsr2h, status,2, status,0, cstack
 Tracked objects:
		On entry : 
		On exit  : 
		Unchanged: 
 Data sizes:     COMRAM   BANK0   BANK1   BANK2   BANK3   BANK4   BANK5
      Params:         6       0       0       0       0       0       0
      Locals:         3       0       0       0       0       0       0
      Temps:          0       0       0       0       0       0       0
      Totals:         9       0       0       0       0       0       0
Total ram usage:        9 bytes
 Hardware stack levels used:    1
 Hardware stack levels required when called:    1
 This function calls:
		___lwdiv
		___lwmod
 This function is called by:
		_putIntLCD
 This function uses a non-reentrant model


 *************** function ___lwmod *****************
 Defined at:
		line 8 in file "C:\Program Files (x86)\Microchip\xc8\v1.34\sources\common\lwmod.c"
 Parameters:    Size  Location     Type
  dividend        2    0[COMRAM] unsigned int 
  divisor         2    2[COMRAM] unsigned int 
 Auto vars:     Size  Location     Type
  counter         1    4[COMRAM] unsigned char 
 Return value:  Size  Location     Type
                  2    0[COMRAM] unsigned int 
 Registers used:
		wreg, status,2, status,0
 Tracked objects:
		On entry : 
		On exit  : 
		Unchanged: 
 Data sizes:     COMRAM   BANK0   BANK1   BANK2   BANK3   BANK4   BANK5
      Params:         4       0       0       0       0       0       0
      Locals:         1       0       0       0       0       0       0
      Temps:          0       0       0       0       0       0       0
      Totals:         5       0       0       0       0       0       0
Total ram usage:        5 bytes
 Hardware stack levels used:    1
 This function calls:
		Nothing
 This function is called by:
		_utoa
 This function uses a non-reentrant model


 *************** function ___lwdiv *****************
 Defined at:
		line 8 in file "C:\Program Files (x86)\Microchip\xc8\v1.34\sources\common\lwdiv.c"
 Parameters:    Size  Location     Type
  dividend        2    0[COMRAM] unsigned int 
  divisor         2    2[COMRAM] unsigned int 
 Auto vars:     Size  Location     Type
  quotient        2    4[COMRAM] unsigned int 
  counter         1    6[COMRAM] unsigned char 
 Return value:  Size  Location     Type
                  2    0[COMRAM] unsigned int 
 Registers used:
		wreg, status,2, status,0
 Tracked objects:
		On entry : 
		On exit  : 
		Unchanged: 
 Data sizes:     COMRAM   BANK0   BANK1   BANK2   BANK3   BANK4   BANK5
      Params:         4       0       0       0       0       0       0
      Locals:         3       0       0       0       0       0       0
      Temps:          0       0       0       0       0       0       0
      Totals:         7       0       0       0       0       0       0
Total ram usage:        7 bytes
 Hardware stack levels used:    1
 This function calls:
		Nothing
 This function is called by:
		_utoa
 This function uses a non-reentrant model


 *************** function _putLCD *****************
 Defined at:
		line 226 in file "xlcd.c"
 Parameters:    Size  Location     Type
  buffer          2    2[COMRAM] PTR unsigned char 
		 -> putIntLCD@result(4), STR_2(5), STR_1(9), 
 Auto vars:     Size  Location     Type
		None
 Return value:  Size  Location     Type
		None               void
 Registers used:
		wreg, fsr0l, fsr0h, status,2, status,0, tblptrl, tblptrh, tblptru, cstack
 Tracked objects:
		On entry : 
		On exit  : 
		Unchanged: 
 Data sizes:     COMRAM   BANK0   BANK1   BANK2   BANK3   BANK4   BANK5
      Params:         2       0       0       0       0       0       0
      Locals:         0       0       0       0       0       0       0
      Temps:          0       0       0       0       0       0       0
      Totals:         2       0       0       0       0       0       0
Total ram usage:        2 bytes
 Hardware stack levels used:    1
 Hardware stack levels required when called:    3
 This function calls:
		_BusyLCD
		_WriteDataLCD
 This function is called by:
		_main
		_putIntLCD
 This function uses a non-reentrant model


 *************** function _WriteDataLCD *****************
 Defined at:
		line 237 in file "xlcd.c"
 Parameters:    Size  Location     Type
  data            1    wreg     unsigned char 
 Auto vars:     Size  Location     Type
  data            1    1[COMRAM] unsigned char 
 Return value:  Size  Location     Type
		None               void
 Registers used:
		wreg, status,2, status,0, cstack
 Tracked objects:
		On entry : 
		On exit  : 
		Unchanged: 
 Data sizes:     COMRAM   BANK0   BANK1   BANK2   BANK3   BANK4   BANK5
      Params:         0       0       0       0       0       0       0
      Locals:         1       0       0       0       0       0       0
      Temps:          0       0       0       0       0       0       0
      Totals:         1       0       0       0       0       0       0
Total ram usage:        1 bytes
 Hardware stack levels used:    1
 Hardware stack levels required when called:    2
 This function calls:
		_DelayFor18TCY
 This function is called by:
		_putLCD
 This function uses a non-reentrant model


 *************** function _PWM_Init *****************
 Defined at:
		line 148 in file "main.c"
 Parameters:    Size  Location     Type
		None
 Auto vars:     Size  Location     Type
		None
 Return value:  Size  Location     Type
		None               void
 Registers used:
		wreg, status,2
 Tracked objects:
		On entry : 
		On exit  : 
		Unchanged: 
 Data sizes:     COMRAM   BANK0   BANK1   BANK2   BANK3   BANK4   BANK5
      Params:         0       0       0       0       0       0       0
      Locals:         0       0       0       0       0       0       0
      Temps:          0       0       0       0       0       0       0
      Totals:         0       0       0       0       0       0       0
Total ram usage:        0 bytes
 Hardware stack levels used:    1
 This function calls:
		Nothing
 This function is called by:
		_main
 This function uses a non-reentrant model


 *************** function _InitLCD *****************
 Defined at:
		line 6 in file "xlcd.c"
 Parameters:    Size  Location     Type
		None
 Auto vars:     Size  Location     Type
		None
 Return value:  Size  Location     Type
		None               void
 Registers used:
		wreg, status,2, status,0, cstack
 Tracked objects:
		On entry : 
		On exit  : 
		Unchanged: 
 Data sizes:     COMRAM   BANK0   BANK1   BANK2   BANK3   BANK4   BANK5
      Params:         0       0       0       0       0       0       0
      Locals:         0       0       0       0       0       0       0
      Temps:          0       0       0       0       0       0       0
      Totals:         0       0       0       0       0       0       0
Total ram usage:        0 bytes
 Hardware stack levels used:    1
 Hardware stack levels required when called:    4
 This function calls:
		_BusyLCD
		_OpenLCD
		_WriteCmdLCD
 This function is called by:
		_main
 This function uses a non-reentrant model


 *************** function _OpenLCD *****************
 Defined at:
		line 19 in file "xlcd.c"
 Parameters:    Size  Location     Type
  lcdtype         1    wreg     unsigned char 
 Auto vars:     Size  Location     Type
  lcdtype         1    5[COMRAM] unsigned char 
 Return value:  Size  Location     Type
		None               void
 Registers used:
		wreg, status,2, status,0, cstack
 Tracked objects:
		On entry : 
		On exit  : 
		Unchanged: 
 Data sizes:     COMRAM   BANK0   BANK1   BANK2   BANK3   BANK4   BANK5
      Params:         0       0       0       0       0       0       0
      Locals:         1       0       0       0       0       0       0
      Temps:          0       0       0       0       0       0       0
      Totals:         1       0       0       0       0       0       0
Total ram usage:        1 bytes
 Hardware stack levels used:    1
 Hardware stack levels required when called:    3
 This function calls:
		_BusyLCD
		_Delay100TCYx
		_Delay10KTCYx
		_SetLCDDDRamAddr
		_WriteCmdLCD
 This function is called by:
		_InitLCD
 This function uses a non-reentrant model


 *************** function _WriteCmdLCD *****************
 Defined at:
		line 74 in file "xlcd.c"
 Parameters:    Size  Location     Type
  cmd             1    wreg     unsigned char 
 Auto vars:     Size  Location     Type
  cmd             1    1[COMRAM] unsigned char 
 Return value:  Size  Location     Type
		None               void
 Registers used:
		wreg, status,2, status,0, cstack
 Tracked objects:
		On entry : 
		On exit  : 
		Unchanged: 
 Data sizes:     COMRAM   BANK0   BANK1   BANK2   BANK3   BANK4   BANK5
      Params:         0       0       0       0       0       0       0
      Locals:         1       0       0       0       0       0       0
      Temps:          0       0       0       0       0       0       0
      Totals:         1       0       0       0       0       0       0
Total ram usage:        1 bytes
 Hardware stack levels used:    1
 Hardware stack levels required when called:    2
 This function calls:
		_DelayFor18TCY
 This function is called by:
		_main
		_InitLCD
		_OpenLCD
 This function uses a non-reentrant model


 *************** function _SetLCDDDRamAddr *****************
 Defined at:
		line 132 in file "xlcd.c"
 Parameters:    Size  Location     Type
  DDaddr          1    wreg     unsigned char 
 Auto vars:     Size  Location     Type
  DDaddr          1    4[COMRAM] unsigned char 
 Return value:  Size  Location     Type
		None               void
 Registers used:
		wreg, status,2, status,0, cstack
 Tracked objects:
		On entry : 
		On exit  : 
		Unchanged: 
 Data sizes:     COMRAM   BANK0   BANK1   BANK2   BANK3   BANK4   BANK5
      Params:         0       0       0       0       0       0       0
      Locals:         1       0       0       0       0       0       0
      Temps:          3       0       0       0       0       0       0
      Totals:         4       0       0       0       0       0       0
Total ram usage:        4 bytes
 Hardware stack levels used:    1
 Hardware stack levels required when called:    2
 This function calls:
		_DelayFor18TCY
 This function is called by:
		_main
		_OpenLCD
 This function uses a non-reentrant model


 *************** function _Delay10KTCYx *****************
 Defined at:
		line 8 in file "C:\Program Files (x86)\Microchip\xc8\v1.34\sources\pic18\d10ktcyx.c"
 Parameters:    Size  Location     Type
  unit            1    wreg     unsigned char 
 Auto vars:     Size  Location     Type
  unit            1    1[COMRAM] unsigned char 
 Return value:  Size  Location     Type
		None               void
 Registers used:
		wreg
 Tracked objects:
		On entry : 
		On exit  : 
		Unchanged: 
 Data sizes:     COMRAM   BANK0   BANK1   BANK2   BANK3   BANK4   BANK5
      Params:         0       0       0       0       0       0       0
      Locals:         1       0       0       0       0       0       0
      Temps:          1       0       0       0       0       0       0
      Totals:         2       0       0       0       0       0       0
Total ram usage:        2 bytes
 Hardware stack levels used:    1
 This function calls:
		Nothing
 This function is called by:
		_OpenLCD
 This function uses a non-reentrant model


 *************** function _Delay100TCYx *****************
 Defined at:
		line 8 in file "C:\Program Files (x86)\Microchip\xc8\v1.34\sources\pic18\d100tcyx.c"
 Parameters:    Size  Location     Type
  unit            1    wreg     unsigned char 
 Auto vars:     Size  Location     Type
  unit            1    0[COMRAM] unsigned char 
 Return value:  Size  Location     Type
		None               void
 Registers used:
		wreg
 Tracked objects:
		On entry : 
		On exit  : 
		Unchanged: 
 Data sizes:     COMRAM   BANK0   BANK1   BANK2   BANK3   BANK4   BANK5
      Params:         0       0       0       0       0       0       0
      Locals:         1       0       0       0       0       0       0
      Temps:          0       0       0       0       0       0       0
      Totals:         1       0       0       0       0       0       0
Total ram usage:        1 bytes
 Hardware stack levels used:    1
 This function calls:
		Nothing
 This function is called by:
		_OpenLCD
 This function uses a non-reentrant model


 *************** function _BusyLCD *****************
 Defined at:
		line 101 in file "xlcd.c"
 Parameters:    Size  Location     Type
		None
 Auto vars:     Size  Location     Type
		None
 Return value:  Size  Location     Type
                  1    wreg      unsigned char 
 Registers used:
		wreg, cstack
 Tracked objects:
		On entry : 
		On exit  : 
		Unchanged: 
 Data sizes:     COMRAM   BANK0   BANK1   BANK2   BANK3   BANK4   BANK5
      Params:         0       0       0       0       0       0       0
      Locals:         0       0       0       0       0       0       0
      Temps:          0       0       0       0       0       0       0
      Totals:         0       0       0       0       0       0       0
Total ram usage:        0 bytes
 Hardware stack levels used:    1
 Hardware stack levels required when called:    2
 This function calls:
		_DelayFor18TCY
 This function is called by:
		_main
		_InitLCD
		_OpenLCD
		_putLCD
 This function uses a non-reentrant model


 *************** function _DelayFor18TCY *****************
 Defined at:
		line 13 in file "xlcd.c"
 Parameters:    Size  Location     Type
		None
 Auto vars:     Size  Location     Type
		None
 Return value:  Size  Location     Type
		None               void
 Registers used:
		wreg, cstack
 Tracked objects:
		On entry : 
		On exit  : 
		Unchanged: 
 Data sizes:     COMRAM   BANK0   BANK1   BANK2   BANK3   BANK4   BANK5
      Params:         0       0       0       0       0       0       0
      Locals:         0       0       0       0       0       0       0
      Temps:          0       0       0       0       0       0       0
      Totals:         0       0       0       0       0       0       0
Total ram usage:        0 bytes
 Hardware stack levels used:    1
 Hardware stack levels required when called:    1
 This function calls:
		_Delay1TCYx
 This function is called by:
		_WriteCmdLCD
		_BusyLCD
		_SetLCDDDRamAddr
		_WriteDataLCD
		_SetLCDCGRamAddr
 This function uses a non-reentrant model


 *************** function _Delay1TCYx *****************
 Defined at:
		line 4 in file "C:\Program Files (x86)\Microchip\xc8\v1.34\sources\pic18\d1tcyx.c"
 Parameters:    Size  Location     Type
  unit            1    wreg     unsigned char 
 Auto vars:     Size  Location     Type
  unit            1    0[COMRAM] unsigned char 
 Return value:  Size  Location     Type
		None               void
 Registers used:
		wreg
 Tracked objects:
		On entry : 
		On exit  : 
		Unchanged: 
 Data sizes:     COMRAM   BANK0   BANK1   BANK2   BANK3   BANK4   BANK5
      Params:         0       0       0       0       0       0       0
      Locals:         1       0       0       0       0       0       0
      Temps:          0       0       0       0       0       0       0
      Totals:         1       0       0       0       0       0       0
Total ram usage:        1 bytes
 Hardware stack levels used:    1
 This function calls:
		Nothing
 This function is called by:
		_DelayFor18TCY
 This function uses a non-reentrant model


 *************** function _Delay1KTCYx *****************
 Defined at:
		line 8 in file "C:\Program Files (x86)\Microchip\xc8\v1.34\sources\pic18\d1ktcyx.c"
 Parameters:    Size  Location     Type
  unit            1    wreg     unsigned char 
 Auto vars:     Size  Location     Type
  unit            1    0[COMRAM] unsigned char 
 Return value:  Size  Location     Type
		None               void
 Registers used:
		wreg
 Tracked objects:
		On entry : 
		On exit  : 
		Unchanged: 
 Data sizes:     COMRAM   BANK0   BANK1   BANK2   BANK3   BANK4   BANK5
      Params:         0       0       0       0       0       0       0
      Locals:         1       0       0       0       0       0       0
      Temps:          0       0       0       0       0       0       0
      Totals:         1       0       0       0       0       0       0
Total ram usage:        1 bytes
 Hardware stack levels used:    1
 This function calls:
		Nothing
 This function is called by:
		_main
 This function uses a non-reentrant model


 *************** function _ADC_Init *****************
 Defined at:
		line 112 in file "main.c"
 Parameters:    Size  Location     Type
		None
 Auto vars:     Size  Location     Type
		None
 Return value:  Size  Location     Type
		None               void
 Registers used:
		wreg, status,2
 Tracked objects:
		On entry : 
		On exit  : 
		Unchanged: 
 Data sizes:     COMRAM   BANK0   BANK1   BANK2   BANK3   BANK4   BANK5
      Params:         0       0       0       0       0       0       0
      Locals:         0       0       0       0       0       0       0
      Temps:          0       0       0       0       0       0       0
      Totals:         0       0       0       0       0       0       0
Total ram usage:        0 bytes
 Hardware stack levels used:    1
 This function calls:
		Nothing
 This function is called by:
		_main
 This function uses a non-reentrant model


 *************** function _ADC_Convert *****************
 Defined at:
		line 168 in file "main.c"
 Parameters:    Size  Location     Type
		None
 Auto vars:     Size  Location     Type
		None
 Return value:  Size  Location     Type
                  1    wreg      unsigned char 
 Registers used:
		wreg, status,2
 Tracked objects:
		On entry : 
		On exit  : 
		Unchanged: 
 Data sizes:     COMRAM   BANK0   BANK1   BANK2   BANK3   BANK4   BANK5
      Params:         0       0       0       0       0       0       0
      Locals:         0       0       0       0       0       0       0
      Temps:          0       0       0       0       0       0       0
      Totals:         0       0       0       0       0       0       0
Total ram usage:        0 bytes
 Hardware stack levels used:    1
 This function calls:
		Nothing
 This function is called by:
		_main
 This function uses a non-reentrant model



MODULE INFORMATION

Module		Function		Class		Link	Load	Size
xlcd.c
		_OpenLCD       		CODE           	0610	0000	177
		_putIntLCD     		CODE           	0A1E	0000	43
		_putLCD        		CODE           	0806	0000	97
		_DelayFor18TCY 		CODE           	0AF2	0000	9
		_WriteCmdLCD   		CODE           	09A2	0000	65
		_WriteDataLCD  		CODE           	0962	0000	65
		_BusyLCD       		CODE           	09E2	0000	61
		_InitLCD       		CODE           	0A48	0000	33
		_SetLCDDDRamAdd		CODE           	08C2	0000	85

xlcd.c estimated size: 635

C:\Program Files (x86)\Microchip\xc8\v1.34\sources\pic18\d10ktcyx.c
		_Delay10KTCYx  		CODE           	0A68	0000	25

C:\Program Files (x86)\Microchip\xc8\v1.34\sources\pic18\d10ktcyx.c estimated size: 25

C:\Program Files (x86)\Microchip\xc8\v1.34\sources\pic18\d1ktcyx.c
		_Delay1KTCYx   		CODE           	0AAA	0000	19

C:\Program Files (x86)\Microchip\xc8\v1.34\sources\pic18\d1ktcyx.c estimated size: 19

C:\Program Files (x86)\Microchip\xc8\v1.34\sources\common\lwmod.c
		___lwmod       		CODE           	0916	0000	77

C:\Program Files (x86)\Microchip\xc8\v1.34\sources\common\lwmod.c estimated size: 77

C:\Program Files (x86)\Microchip\xc8\v1.34\sources\pic18\d1tcyx.c
		_Delay1TCYx    		CODE           	0AE6	0000	13

C:\Program Files (x86)\Microchip\xc8\v1.34\sources\pic18\d1tcyx.c estimated size: 13

shared
		__initializatio		CODE           	0ABC	0000	5
		_ADC_ThrottlePW		CODE           	0180	0000	17

shared estimated size: 22

C:\Program Files (x86)\Microchip\xc8\v1.34\sources\common\itoa.c
		_utoa          		CODE           	06C0	0000	171

C:\Program Files (x86)\Microchip\xc8\v1.34\sources\common\itoa.c estimated size: 171

C:\Program Files (x86)\Microchip\xc8\v1.34\sources\common\lwdiv.c
		___lwdiv       		CODE           	0866	0000	93

C:\Program Files (x86)\Microchip\xc8\v1.34\sources\common\lwdiv.c estimated size: 93

C:\Program Files (x86)\Microchip\xc8\v1.34\sources\pic18\d100tcyx.c
		_Delay100TCYx  		CODE           	0A98	0000	19

C:\Program Files (x86)\Microchip\xc8\v1.34\sources\pic18\d100tcyx.c estimated size: 19

main.c
		_main          		CODE           	076A	0000	157
		_ADC_Convert   		CODE           	0AD8	0000	15
		_PWM_Init      		CODE           	0ACA	0000	15
		_ADC_Init      		CODE           	0A80	0000	25

main.c estimated size: 212

