Microchip MPLAB XC8 Compiler V1.34 ()

Linker command line:

--edf=C:\Program Files (x86)\Microchip\xc8\v1.34\dat\en_msgs.txt -cs \
  -h+dist/default/production\Controller.X.production.sym \
  --cmf=dist/default/production\Controller.X.production.cmf -z -Q18F45K20 \
  -oC:\Users\ADMINI~1\AppData\Local\Temp\s3t4.6 \
  -Mdist/default/production/Controller.X.production.map -E1 -ver=XC8 \
  -ASTACK=060h-05ffh -pstack=STACK -p_ADC_ThrottlePWM_Lookup_const=180h \
  -ACODE=00h-07FFFh -ACONST=00h-07FFFh -ASMALLCONST=0600h-06FFhx122 \
  -AMEDIUMCONST=0600h-07FFFh -ACOMRAM=01h-05Fh -AABS1=00h-05FFh \
  -ABIGRAM=01h-05FFh -ARAM=060h-0FFh,0100h-01FFhx5 -ABANK0=060h-0FFh \
  -ABANK1=0100h-01FFh -ABANK2=0200h-02FFh -ABANK3=0300h-03FFh \
  -ABANK4=0400h-04FFh -ABANK5=0500h-05FFh -ASFR=0F60h-0FFFh \
  -preset_vec=00h,intcode,intcodelo,powerup,init,end_init -pramtop=0600h \
  -psmallconst=SMALLCONST -pmediumconst=MEDIUMCONST -pconst=CONST \
  -AFARRAM=00h-00h -ACONFIG=0300000h-030000Dh -pconfig=CONFIG \
  -AIDLOC=0200000h-0200007h -pidloc=IDLOC -AEEDATA=0F00000h-0F000FFh \
  -peeprom_data=EEDATA \
  -prdata=COMRAM,nvrram=COMRAM,nvbit=COMRAM,rbss=COMRAM,rbit=COMRAM \
  -pfarbss=FARRAM,fardata=FARRAM,nvFARRAM=FARRAM \
  -pintsave_regs=BIGRAM,bigbss=BIGRAM,bigdata=BIGRAM -pbss=RAM \
  -pidata=CODE,irdata=CODE,ibigdata=CODE,ifardata=CODE -prparam=COMRAM \
  C:\Users\ADMINI~1\AppData\Local\Temp\s3t4.obj \
  dist/default/production\Controller.X.production.obj 

Object code version is 3.11

Machine type is 18F45K20

Call graph: (short form)




                Name                               Link     Load   Length Selector   Space Scale
C:\Users\ADMINI~1\AppData\Local\Temp\s3t4.obj
                end_init                              0        0        4        0       0
                idloc                            200000   200000        8   200000       0
                config                           300000   300000        E   300000       0
dist/default/production\Controller.X.production.obj
                smallconst                          600      600       14      300       0
                text15                              962      962        E      30A       0
                text14                              90A      90A       18      30A       0
                text13                              934      934       12      30A       0
                text12                              970      970        C      30A       0
                text11                              97C      97C        8      30A       0
                text10                              896      896       3C      30A       0
                text9                               922      922       12      30A       0
                text8                               8F2      8F2       18      30A       0
                text7                               7C2      7C2       54      30A       0
                text6                               856      856       40      30A       0
                text5                               614      614       B0      30A       0
                text4                               8D2      8D2       20      30A       0
                text3                               954      954        E      30A       0
                text2                               816      816       40      30A       0
                text1                               762      762       60      30A       0
                text0                               6C4      6C4       9E      30A       0
                cstackCOMRAM                          1        1        6        1       1
                bssCOMRAM                             7        7        2        1       1
                cinit                               946      946        E      30A       0
                _ADC_ThrottlePWM_Lookup_const       180      180       10       C0       0

TOTAL           Name                               Link     Load   Length     Space
        CLASS   STACK          

        CLASS   CODE           
                end_init                              0        0        4         0
                text15                              962      962        E         0
                text14                              90A      90A       18         0
                text13                              934      934       12         0
                text12                              970      970        C         0
                text11                              97C      97C        8         0
                text10                              896      896       3C         0
                text9                               922      922       12         0
                text8                               8F2      8F2       18         0
                text7                               7C2      7C2       54         0
                text6                               856      856       40         0
                text5                               614      614       B0         0
                text4                               8D2      8D2       20         0
                text3                               954      954        E         0
                text2                               816      816       40         0
                text1                               762      762       60         0
                text0                               6C4      6C4       9E         0
                cinit                               946      946        E         0
                _ADC_ThrottlePWM_Lookup_const       180      180       10         0

        CLASS   CONST          

        CLASS   SMALLCONST     
                smallconst                          600      600       14         0

        CLASS   MEDIUMCONST    

        CLASS   COMRAM         
                cstackCOMRAM                          1        1        6         1
                bssCOMRAM                             7        7        2         1

        CLASS   ABS1           

        CLASS   BIGRAM         

        CLASS   RAM            

        CLASS   BANK0          

        CLASS   BANK1          

        CLASS   BANK2          

        CLASS   BANK3          

        CLASS   BANK4          

        CLASS   BANK5          

        CLASS   SFR            

        CLASS   FARRAM         

        CLASS   CONFIG         
                config                           300000   300000        E         0

        CLASS   IDLOC          
                idloc                            200000   200000        8         0

        CLASS   EEDATA         



SEGMENTS        Name                           Load    Length   Top    Selector   Space  Class

                reset_vec                      000000  000004  000004         0       0  CODE    
                cstackCOMRAM                   000001  000008  000009         1       1  COMRAM  
                _ADC_ThrottlePWM_Lookup_const  000180  000010  000190        C0       0  CODE    
                smallconst                     000600  000014  000614       300       0  SMALLCON
                text5                          000614  000370  000984       30A       0  CODE    
                idloc                          200000  000008  200008    200000       0  IDLOC   
                config                         300000  00000E  30000E    300000       0  CONFIG  


UNUSED ADDRESS RANGES

        Name                Unused          Largest block    Delta
        BANK0            000060-0000FF               A0
        BANK1            000100-0001FF              100
        BANK2            000200-0002FF              100
        BANK3            000300-0003FF              100
        BANK4            000400-0004FF              100
        BANK5            000500-0005FF              100
        BIGRAM           000009-0005FF              5F7
        CODE             000004-00017F              17C
                         000190-0005FF              470
                         000984-007FFF             767C
        COMRAM           000009-00005F               57
        CONST            000004-00017F              17C
                         000190-0005FF              470
                         000984-007FFF             767C
        EEDATA           F00000-F000FF              100
        MEDIUMCONST      000984-007FFF             767C
        RAM              000060-0005FF              100
        SFR              000F60-000FFF               A0
        SMALLCONST       000984-007FFF              100
        STACK            000060-0005FF              5A0

                                  Symbol Table

Delay100TCYx@unit                    cstackCOMRAM                  000001
Delay10KTCYx@unit                    cstackCOMRAM                  000002
Delay1KTCYx@unit                     cstackCOMRAM                  000001
Delay1TCYx@unit                      cstackCOMRAM                  000001
OpenLCD@lcdtype                      cstackCOMRAM                  000006
SetLCDDDRamAddr@DDaddr               cstackCOMRAM                  000005
WriteCmdLCD@cmd                      cstackCOMRAM                  000002
WriteDataLCD@data                    cstackCOMRAM                  000002
_ADCON0                              (abs)                         000FC2
_ADCON0bits                          (abs)                         000FC2
_ADCON1                              (abs)                         000FC1
_ADCON2                              (abs)                         000FC0
_ADC_Convert                         text15                        000962
_ADC_Init                            text14                        00090A
_ADC_ThrottlePWM_Lookup              _ADC_ThrottlePWM_Lookup_const 000180
_ADC_ThrottlePWM_Lookup_absconstaddr (abs)                         000180
_ADC_Value                           bssCOMRAM                     000007
_ADRESH                              (abs)                         000FC4
_ANSEL                               (abs)                         000F7E
_ANSELH                              (abs)                         000F7F
_ANSELbits                           (abs)                         000F7E
_BusyLCD                             text10                        000896
_CCP1CON                             (abs)                         000FBD
_CCPR1L                              (abs)                         000FBE
_Counter                             bssCOMRAM                     000008
_Delay100TCYx                        text9                         000922
_Delay10KTCYx                        text8                         0008F2
_Delay1KTCYx                         text13                        000934
_Delay1TCYx                          text12                        000970
_DelayFor18TCY                       text11                        00097C
_INTCON2bits                         (abs)                         000FF1
_InitLCD                             text4                         0008D2
_LATCbits                            (abs)                         000F8B
_LATD                                (abs)                         000F8C
_OpenLCD                             text5                         000614
_PORTC                               (abs)                         000F82
_PR2                                 (abs)                         000FCB
_PWM_Init                            text3                         000954
_SetLCDDDRamAddr                     text7                         0007C2
_T2CON                               (abs)                         000FCA
_TRISAbits                           (abs)                         000F92
_TRISC                               (abs)                         000F94
_TRISCbits                           (abs)                         000F94
_TRISD                               (abs)                         000F95
_WPUBbits                            (abs)                         000F7C
_WriteCmdLCD                         text6                         000856
_WriteDataLCD                        text2                         000816
__CFG_BOREN$SBORDIS                  (abs)                         000000
__CFG_BORV$30                        (abs)                         000000
__CFG_CCP2MX$PORTC                   (abs)                         000000
__CFG_CP0$OFF                        (abs)                         000000
__CFG_CP1$OFF                        (abs)                         000000
__CFG_CP2$OFF                        (abs)                         000000
__CFG_CP3$OFF                        (abs)                         000000
__CFG_CPB$OFF                        (abs)                         000000
__CFG_CPD$OFF                        (abs)                         000000
__CFG_EBTR0$OFF                      (abs)                         000000
__CFG_EBTR1$OFF                      (abs)                         000000
__CFG_EBTR2$OFF                      (abs)                         000000
__CFG_EBTR3$OFF                      (abs)                         000000
__CFG_EBTRB$OFF                      (abs)                         000000
__CFG_FCMEN$OFF                      (abs)                         000000
__CFG_FOSC$INTIO67                   (abs)                         000000
__CFG_IESO$OFF                       (abs)                         000000
__CFG_LPT1OSC$ON                     (abs)                         000000
__CFG_LVP$OFF                        (abs)                         000000
__CFG_MCLRE$OFF                      (abs)                         000000
__CFG_PBADEN$ON                      (abs)                         000000
__CFG_PWRT$OFF                       (abs)                         000000
__CFG_STVREN$ON                      (abs)                         000000
__CFG_WDTEN$OFF                      (abs)                         000000
__CFG_WDTPS$32768                    (abs)                         000000
__CFG_WRT0$OFF                       (abs)                         000000
__CFG_WRT1$OFF                       (abs)                         000000
__CFG_WRT2$OFF                       (abs)                         000000
__CFG_WRT3$OFF                       (abs)                         000000
__CFG_WRTB$OFF                       (abs)                         000000
__CFG_WRTC$OFF                       (abs)                         000000
__CFG_WRTD$OFF                       (abs)                         000000
__CFG_XINST$OFF                      (abs)                         000000
__HRAM                               (abs)                         000000
__H_ADC_ThrottlePWM_Lookup_const     _ADC_ThrottlePWM_Lookup_const 000190
__Habs1                              abs1                          000000
__Hbank0                             bank0                         000000
__Hbank1                             bank1                         000000
__Hbank2                             bank2                         000000
__Hbank3                             bank3                         000000
__Hbank4                             bank4                         000000
__Hbank5                             bank5                         000000
__Hbigbss                            bigbss                        000000
__Hbigdata                           bigdata                       000000
__Hbigram                            bigram                        000000
__Hbss                               bss                           000000
__HbssCOMRAM                         bssCOMRAM                     000000
__Hcinit                             cinit                         000000
__Hclrtext                           clrtext                       000000
__Hcomram                            comram                        000000
__Hconfig                            config                        30000E
__Hconst                             const                         000000
__HcstackCOMRAM                      cstackCOMRAM                  000000
__Hdata                              data                          000000
__Heeprom_data                       eeprom_data                   000000
__Hend_init                          end_init                      000004
__Hfarbss                            farbss                        000000
__Hfardata                           fardata                       000000
__Hibigdata                          ibigdata                      000000
__Hidata                             idata                         000000
__Hidloc                             idloc                         200008
__Hifardata                          ifardata                      000000
__Hinit                              init                          000000
__Hintcode                           intcode                       000000
__Hintcode_body                      intcode_body                  000000
__Hintcodelo                         intcodelo                     000000
__Hintentry                          intentry                      000000
__Hintret                            intret                        000000
__Hintsave_regs                      intsave_regs                  000000
__Hirdata                            irdata                        000000
__Hmediumconst                       mediumconst                   000000
__HnvFARRAM                          nvFARRAM                      000000
__Hnvbit                             nvbit                         000000
__Hnvrram                            nvrram                        000000
__Hparam                             rparam                        000000
__Hpowerup                           powerup                       000000
__Hram                               ram                           000000
__Hramtop                            ramtop                        000600
__Hrbit                              rbit                          000000
__Hrbss                              rbss                          000000
__Hrdata                             rdata                         000000
__Hreset_vec                         reset_vec                     000000
__Hrparam                            rparam                        000000
__Hsfr                               sfr                           000000
__Hsmallconst                        smallconst                    000614
__Hspace_0                           (abs)                         30000E
__Hspace_1                           (abs)                         000009
__Hspace_2                           (abs)                         000000
__Hstack                             stack                         000000
__Hstruct                            struct                        000000
__Htemp                              temp                          000000
__Htext                              text                          000000
__Htext0                             text0                         000000
__Htext1                             text1                         000000
__Htext10                            text10                        000000
__Htext11                            text11                        000000
__Htext12                            text12                        000000
__Htext13                            text13                        000000
__Htext14                            text14                        000000
__Htext15                            text15                        000000
__Htext2                             text2                         000000
__Htext3                             text3                         000000
__Htext4                             text4                         000000
__Htext5                             text5                         000000
__Htext6                             text6                         000000
__Htext7                             text7                         000000
__Htext8                             text8                         000000
__Htext9                             text9                         000000
__LRAM                               (abs)                         000001
__L_ADC_ThrottlePWM_Lookup_const     _ADC_ThrottlePWM_Lookup_const 000180
__Labs1                              abs1                          000000
__Lbank0                             bank0                         000000
__Lbank1                             bank1                         000000
__Lbank2                             bank2                         000000
__Lbank3                             bank3                         000000
__Lbank4                             bank4                         000000
__Lbank5                             bank5                         000000
__Lbigbss                            bigbss                        000000
__Lbigdata                           bigdata                       000000
__Lbigram                            bigram                        000000
__Lbss                               bss                           000000
__LbssCOMRAM                         bssCOMRAM                     000000
__Lcinit                             cinit                         000000
__Lclrtext                           clrtext                       000000
__Lcomram                            comram                        000000
__Lconfig                            config                        300000
__Lconst                             const                         000000
__LcstackCOMRAM                      cstackCOMRAM                  000000
__Ldata                              data                          000000
__Leeprom_data                       eeprom_data                   000000
__Lend_init                          end_init                      000000
__Lfarbss                            farbss                        000000
__Lfardata                           fardata                       000000
__Libigdata                          ibigdata                      000000
__Lidata                             idata                         000000
__Lidloc                             idloc                         200000
__Lifardata                          ifardata                      000000
__Linit                              init                          000000
__Lintcode                           intcode                       000000
__Lintcode_body                      intcode_body                  000000
__Lintcodelo                         intcodelo                     000000
__Lintentry                          intentry                      000000
__Lintret                            intret                        000000
__Lintsave_regs                      intsave_regs                  000000
__Lirdata                            irdata                        000000
__Lmediumconst                       mediumconst                   000000
__LnvFARRAM                          nvFARRAM                      000000
__Lnvbit                             nvbit                         000000
__Lnvrram                            nvrram                        000000
__Lparam                             rparam                        000000
__Lpowerup                           powerup                       000000
__Lram                               ram                           000000
__Lramtop                            ramtop                        000600
__Lrbit                              rbit                          000000
__Lrbss                              rbss                          000000
__Lrdata                             rdata                         000000
__Lreset_vec                         reset_vec                     000000
__Lrparam                            rparam                        000000
__Lsfr                               sfr                           000000
__Lsmallconst                        smallconst                    000600
__Lspace_0                           (abs)                         000000
__Lspace_1                           (abs)                         000000
__Lspace_2                           (abs)                         000000
__Lstack                             stack                         000000
__Lstruct                            struct                        000000
__Ltemp                              temp                          000000
__Ltext                              text                          000000
__Ltext0                             text0                         000000
__Ltext1                             text1                         000000
__Ltext10                            text10                        000000
__Ltext11                            text11                        000000
__Ltext12                            text12                        000000
__Ltext13                            text13                        000000
__Ltext14                            text14                        000000
__Ltext15                            text15                        000000
__Ltext2                             text2                         000000
__Ltext3                             text3                         000000
__Ltext4                             text4                         000000
__Ltext5                             text5                         000000
__Ltext6                             text6                         000000
__Ltext7                             text7                         000000
__Ltext8                             text8                         000000
__Ltext9                             text9                         000000
__S0                                 (abs)                         30000E
__S1                                 (abs)                         000009
__S2                                 (abs)                         000000
___inthi_sp                          stack                         000000
___intlo_sp                          stack                         000000
___param_bank                        (abs)                         000010
___rparam_used                       (abs)                         000001
___sp                                stack                         000000
__accesstop                          (abs)                         000060
__activetblptr                       (abs)                         000002
__end_of_ADC_Convert                 text15                        000970
__end_of_ADC_Init                    text14                        000922
__end_of_ADC_ThrottlePWM_Lookup      _ADC_ThrottlePWM_Lookup_const 000190
__end_of_BusyLCD                     text10                        0008D2
__end_of_Delay100TCYx                text9                         000934
__end_of_Delay10KTCYx                text8                         00090A
__end_of_Delay1KTCYx                 text13                        000946
__end_of_Delay1TCYx                  text12                        00097C
__end_of_DelayFor18TCY               text11                        000984
__end_of_InitLCD                     text4                         0008F2
__end_of_OpenLCD                     text5                         0006C4
__end_of_PWM_Init                    text3                         000962
__end_of_SetLCDDDRamAddr             text7                         000816
__end_of_WriteCmdLCD                 text6                         000896
__end_of_WriteDataLCD                text2                         000856
__end_of__initialization             cinit                         00094A
__end_of_main                        text0                         000762
__end_of_putLCD                      text1                         0007C2
__initialization                     cinit                         000946
__mediumconst                        mediumconst                   000000
__p_ADC_ThrottlePWM_Lookup_const     _ADC_ThrottlePWM_Lookup_const 000180
__pbssCOMRAM                         bssCOMRAM                     000007
__pcinit                             cinit                         000946
__pcstackCOMRAM                      cstackCOMRAM                  000001
__psmallconst                        smallconst                    000600
__ptext0                             text0                         0006C4
__ptext1                             text1                         000762
__ptext10                            text10                        000896
__ptext11                            text11                        00097C
__ptext12                            text12                        000970
__ptext13                            text13                        000934
__ptext14                            text14                        00090A
__ptext15                            text15                        000962
__ptext2                             text2                         000816
__ptext3                             text3                         000954
__ptext4                             text4                         0008D2
__ptext5                             text5                         000614
__ptext6                             text6                         000856
__ptext7                             text7                         0007C2
__ptext8                             text8                         0008F2
__ptext9                             text9                         000922
__ramtop                             ramtop                        000600
__size_of_ADC_Convert                (abs)                         000000
__size_of_ADC_Init                   (abs)                         000000
__size_of_BusyLCD                    (abs)                         000000
__size_of_Delay100TCYx               (abs)                         000000
__size_of_Delay10KTCYx               (abs)                         000000
__size_of_Delay1KTCYx                (abs)                         000000
__size_of_Delay1TCYx                 (abs)                         000000
__size_of_DelayFor18TCY              (abs)                         000000
__size_of_InitLCD                    (abs)                         000000
__size_of_OpenLCD                    (abs)                         000000
__size_of_PWM_Init                   (abs)                         000000
__size_of_SetLCDDDRamAddr            (abs)                         000000
__size_of_WriteCmdLCD                (abs)                         000000
__size_of_WriteDataLCD               (abs)                         000000
__size_of_main                       (abs)                         000000
__size_of_putLCD                     (abs)                         000000
__smallconst                         smallconst                    000600
_main                                text0                         0006C4
_putLCD                              text1                         000762
end_of_initialization                cinit                         00094A
intlevel0                            text                          000000
intlevel1                            text                          000000
intlevel2                            text                          000000
intlevel3                            text                          000000
putLCD@buffer                        cstackCOMRAM                  000003
stackhi                              (abs)                         0005FF
stacklo                              (abs)                         000060
start                                init                          000000
start_initialization                 cinit                         000946


FUNCTION INFORMATION:

 *************** function _main *****************
 Defined at:
		line 60 in file "main.c"
 Parameters:    Size  Location     Type
		None
 Auto vars:     Size  Location     Type
		None
 Return value:  Size  Location     Type
		None               void
 Registers used:
		wreg, fsr0l, fsr0h, status,2, status,0, tblptrl, tblptrh, tblptru, prodl, prodh, cstack
 Tracked objects:
		On entry : 
		On exit  : 
		Unchanged: 
 Data sizes:     COMRAM   BANK0   BANK1   BANK2   BANK3   BANK4   BANK5
      Params:         0       0       0       0       0       0       0
      Locals:         0       0       0       0       0       0       0
      Temps:          0       0       0       0       0       0       0
      Totals:         0       0       0       0       0       0       0
Total ram usage:        0 bytes
 Hardware stack levels required when called:    5
 This function calls:
		_ADC_Convert
		_ADC_Init
		_BusyLCD
		_Delay1KTCYx
		_InitLCD
		_PWM_Init
		_SetLCDDDRamAddr
		_WriteCmdLCD
		_putLCD
 This function is called by:
		Startup code after reset
 This function uses a non-reentrant model


 *************** function _putLCD *****************
 Defined at:
		line 226 in file "xlcd.c"
 Parameters:    Size  Location     Type
  buffer          2    2[COMRAM] PTR unsigned char 
		 -> putIntLCD@result(4), STR_3(3), STR_2(5), STR_1(9), 
 Auto vars:     Size  Location     Type
		None
 Return value:  Size  Location     Type
		None               void
 Registers used:
		wreg, fsr0l, fsr0h, status,2, status,0, tblptrl, tblptrh, tblptru, cstack
 Tracked objects:
		On entry : 
		On exit  : 
		Unchanged: 
 Data sizes:     COMRAM   BANK0   BANK1   BANK2   BANK3   BANK4   BANK5
      Params:         2       0       0       0       0       0       0
      Locals:         0       0       0       0       0       0       0
      Temps:          0       0       0       0       0       0       0
      Totals:         2       0       0       0       0       0       0
Total ram usage:        2 bytes
 Hardware stack levels used:    1
 Hardware stack levels required when called:    3
 This function calls:
		_BusyLCD
		_WriteDataLCD
 This function is called by:
		_main
		_putIntLCD
 This function uses a non-reentrant model


 *************** function _WriteDataLCD *****************
 Defined at:
		line 237 in file "xlcd.c"
 Parameters:    Size  Location     Type
  data            1    wreg     unsigned char 
 Auto vars:     Size  Location     Type
  data            1    1[COMRAM] unsigned char 
 Return value:  Size  Location     Type
		None               void
 Registers used:
		wreg, status,2, status,0, cstack
 Tracked objects:
		On entry : 
		On exit  : 
		Unchanged: 
 Data sizes:     COMRAM   BANK0   BANK1   BANK2   BANK3   BANK4   BANK5
      Params:         0       0       0       0       0       0       0
      Locals:         1       0       0       0       0       0       0
      Temps:          0       0       0       0       0       0       0
      Totals:         1       0       0       0       0       0       0
Total ram usage:        1 bytes
 Hardware stack levels used:    1
 Hardware stack levels required when called:    2
 This function calls:
		_DelayFor18TCY
 This function is called by:
		_putLCD
 This function uses a non-reentrant model


 *************** function _PWM_Init *****************
 Defined at:
		line 148 in file "main.c"
 Parameters:    Size  Location     Type
		None
 Auto vars:     Size  Location     Type
		None
 Return value:  Size  Location     Type
		None               void
 Registers used:
		wreg, status,2
 Tracked objects:
		On entry : 
		On exit  : 
		Unchanged: 
 Data sizes:     COMRAM   BANK0   BANK1   BANK2   BANK3   BANK4   BANK5
      Params:         0       0       0       0       0       0       0
      Locals:         0       0       0       0       0       0       0
      Temps:          0       0       0       0       0       0       0
      Totals:         0       0       0       0       0       0       0
Total ram usage:        0 bytes
 Hardware stack levels used:    1
 This function calls:
		Nothing
 This function is called by:
		_main
 This function uses a non-reentrant model


 *************** function _InitLCD *****************
 Defined at:
		line 6 in file "xlcd.c"
 Parameters:    Size  Location     Type
		None
 Auto vars:     Size  Location     Type
		None
 Return value:  Size  Location     Type
		None               void
 Registers used:
		wreg, status,2, status,0, cstack
 Tracked objects:
		On entry : 
		On exit  : 
		Unchanged: 
 Data sizes:     COMRAM   BANK0   BANK1   BANK2   BANK3   BANK4   BANK5
      Params:         0       0       0       0       0       0       0
      Locals:         0       0       0       0       0       0       0
      Temps:          0       0       0       0       0       0       0
      Totals:         0       0       0       0       0       0       0
Total ram usage:        0 bytes
 Hardware stack levels used:    1
 Hardware stack levels required when called:    4
 This function calls:
		_BusyLCD
		_OpenLCD
		_WriteCmdLCD
 This function is called by:
		_main
 This function uses a non-reentrant model


 *************** function _OpenLCD *****************
 Defined at:
		line 19 in file "xlcd.c"
 Parameters:    Size  Location     Type
  lcdtype         1    wreg     unsigned char 
 Auto vars:     Size  Location     Type
  lcdtype         1    5[COMRAM] unsigned char 
 Return value:  Size  Location     Type
		None               void
 Registers used:
		wreg, status,2, status,0, cstack
 Tracked objects:
		On entry : 
		On exit  : 
		Unchanged: 
 Data sizes:     COMRAM   BANK0   BANK1   BANK2   BANK3   BANK4   BANK5
      Params:         0       0       0       0       0       0       0
      Locals:         1       0       0       0       0       0       0
      Temps:          0       0       0       0       0       0       0
      Totals:         1       0       0       0       0       0       0
Total ram usage:        1 bytes
 Hardware stack levels used:    1
 Hardware stack levels required when called:    3
 This function calls:
		_BusyLCD
		_Delay100TCYx
		_Delay10KTCYx
		_SetLCDDDRamAddr
		_WriteCmdLCD
 This function is called by:
		_InitLCD
 This function uses a non-reentrant model


 *************** function _WriteCmdLCD *****************
 Defined at:
		line 74 in file "xlcd.c"
 Parameters:    Size  Location     Type
  cmd             1    wreg     unsigned char 
 Auto vars:     Size  Location     Type
  cmd             1    1[COMRAM] unsigned char 
 Return value:  Size  Location     Type
		None               void
 Registers used:
		wreg, status,2, status,0, cstack
 Tracked objects:
		On entry : 
		On exit  : 
		Unchanged: 
 Data sizes:     COMRAM   BANK0   BANK1   BANK2   BANK3   BANK4   BANK5
      Params:         0       0       0       0       0       0       0
      Locals:         1       0       0       0       0       0       0
      Temps:          0       0       0       0       0       0       0
      Totals:         1       0       0       0       0       0       0
Total ram usage:        1 bytes
 Hardware stack levels used:    1
 Hardware stack levels required when called:    2
 This function calls:
		_DelayFor18TCY
 This function is called by:
		_main
		_InitLCD
		_OpenLCD
 This function uses a non-reentrant model


 *************** function _SetLCDDDRamAddr *****************
 Defined at:
		line 132 in file "xlcd.c"
 Parameters:    Size  Location     Type
  DDaddr          1    wreg     unsigned char 
 Auto vars:     Size  Location     Type
  DDaddr          1    4[COMRAM] unsigned char 
 Return value:  Size  Location     Type
		None               void
 Registers used:
		wreg, status,2, status,0, cstack
 Tracked objects:
		On entry : 
		On exit  : 
		Unchanged: 
 Data sizes:     COMRAM   BANK0   BANK1   BANK2   BANK3   BANK4   BANK5
      Params:         0       0       0       0       0       0       0
      Locals:         1       0       0       0       0       0       0
      Temps:          3       0       0       0       0       0       0
      Totals:         4       0       0       0       0       0       0
Total ram usage:        4 bytes
 Hardware stack levels used:    1
 Hardware stack levels required when called:    2
 This function calls:
		_DelayFor18TCY
 This function is called by:
		_main
		_OpenLCD
 This function uses a non-reentrant model


 *************** function _Delay10KTCYx *****************
 Defined at:
		line 8 in file "C:\Program Files (x86)\Microchip\xc8\v1.34\sources\pic18\d10ktcyx.c"
 Parameters:    Size  Location     Type
  unit            1    wreg     unsigned char 
 Auto vars:     Size  Location     Type
  unit            1    1[COMRAM] unsigned char 
 Return value:  Size  Location     Type
		None               void
 Registers used:
		wreg
 Tracked objects:
		On entry : 
		On exit  : 
		Unchanged: 
 Data sizes:     COMRAM   BANK0   BANK1   BANK2   BANK3   BANK4   BANK5
      Params:         0       0       0       0       0       0       0
      Locals:         1       0       0       0       0       0       0
      Temps:          1       0       0       0       0       0       0
      Totals:         2       0       0       0       0       0       0
Total ram usage:        2 bytes
 Hardware stack levels used:    1
 This function calls:
		Nothing
 This function is called by:
		_OpenLCD
 This function uses a non-reentrant model


 *************** function _Delay100TCYx *****************
 Defined at:
		line 8 in file "C:\Program Files (x86)\Microchip\xc8\v1.34\sources\pic18\d100tcyx.c"
 Parameters:    Size  Location     Type
  unit            1    wreg     unsigned char 
 Auto vars:     Size  Location     Type
  unit            1    0[COMRAM] unsigned char 
 Return value:  Size  Location     Type
		None               void
 Registers used:
		wreg
 Tracked objects:
		On entry : 
		On exit  : 
		Unchanged: 
 Data sizes:     COMRAM   BANK0   BANK1   BANK2   BANK3   BANK4   BANK5
      Params:         0       0       0       0       0       0       0
      Locals:         1       0       0       0       0       0       0
      Temps:          0       0       0       0       0       0       0
      Totals:         1       0       0       0       0       0       0
Total ram usage:        1 bytes
 Hardware stack levels used:    1
 This function calls:
		Nothing
 This function is called by:
		_OpenLCD
 This function uses a non-reentrant model


 *************** function _BusyLCD *****************
 Defined at:
		line 101 in file "xlcd.c"
 Parameters:    Size  Location     Type
		None
 Auto vars:     Size  Location     Type
		None
 Return value:  Size  Location     Type
                  1    wreg      unsigned char 
 Registers used:
		wreg, cstack
 Tracked objects:
		On entry : 
		On exit  : 
		Unchanged: 
 Data sizes:     COMRAM   BANK0   BANK1   BANK2   BANK3   BANK4   BANK5
      Params:         0       0       0       0       0       0       0
      Locals:         0       0       0       0       0       0       0
      Temps:          0       0       0       0       0       0       0
      Totals:         0       0       0       0       0       0       0
Total ram usage:        0 bytes
 Hardware stack levels used:    1
 Hardware stack levels required when called:    2
 This function calls:
		_DelayFor18TCY
 This function is called by:
		_main
		_InitLCD
		_OpenLCD
		_putLCD
 This function uses a non-reentrant model


 *************** function _DelayFor18TCY *****************
 Defined at:
		line 13 in file "xlcd.c"
 Parameters:    Size  Location     Type
		None
 Auto vars:     Size  Location     Type
		None
 Return value:  Size  Location     Type
		None               void
 Registers used:
		wreg, cstack
 Tracked objects:
		On entry : 
		On exit  : 
		Unchanged: 
 Data sizes:     COMRAM   BANK0   BANK1   BANK2   BANK3   BANK4   BANK5
      Params:         0       0       0       0       0       0       0
      Locals:         0       0       0       0       0       0       0
      Temps:          0       0       0       0       0       0       0
      Totals:         0       0       0       0       0       0       0
Total ram usage:        0 bytes
 Hardware stack levels used:    1
 Hardware stack levels required when called:    1
 This function calls:
		_Delay1TCYx
 This function is called by:
		_WriteCmdLCD
		_BusyLCD
		_SetLCDDDRamAddr
		_WriteDataLCD
		_SetLCDCGRamAddr
 This function uses a non-reentrant model


 *************** function _Delay1TCYx *****************
 Defined at:
		line 4 in file "C:\Program Files (x86)\Microchip\xc8\v1.34\sources\pic18\d1tcyx.c"
 Parameters:    Size  Location     Type
  unit            1    wreg     unsigned char 
 Auto vars:     Size  Location     Type
  unit            1    0[COMRAM] unsigned char 
 Return value:  Size  Location     Type
		None               void
 Registers used:
		wreg
 Tracked objects:
		On entry : 
		On exit  : 
		Unchanged: 
 Data sizes:     COMRAM   BANK0   BANK1   BANK2   BANK3   BANK4   BANK5
      Params:         0       0       0       0       0       0       0
      Locals:         1       0       0       0       0       0       0
      Temps:          0       0       0       0       0       0       0
      Totals:         1       0       0       0       0       0       0
Total ram usage:        1 bytes
 Hardware stack levels used:    1
 This function calls:
		Nothing
 This function is called by:
		_DelayFor18TCY
 This function uses a non-reentrant model


 *************** function _Delay1KTCYx *****************
 Defined at:
		line 8 in file "C:\Program Files (x86)\Microchip\xc8\v1.34\sources\pic18\d1ktcyx.c"
 Parameters:    Size  Location     Type
  unit            1    wreg     unsigned char 
 Auto vars:     Size  Location     Type
  unit            1    0[COMRAM] unsigned char 
 Return value:  Size  Location     Type
		None               void
 Registers used:
		wreg
 Tracked objects:
		On entry : 
		On exit  : 
		Unchanged: 
 Data sizes:     COMRAM   BANK0   BANK1   BANK2   BANK3   BANK4   BANK5
      Params:         0       0       0       0       0       0       0
      Locals:         1       0       0       0       0       0       0
      Temps:          0       0       0       0       0       0       0
      Totals:         1       0       0       0       0       0       0
Total ram usage:        1 bytes
 Hardware stack levels used:    1
 This function calls:
		Nothing
 This function is called by:
		_main
 This function uses a non-reentrant model


 *************** function _ADC_Init *****************
 Defined at:
		line 112 in file "main.c"
 Parameters:    Size  Location     Type
		None
 Auto vars:     Size  Location     Type
		None
 Return value:  Size  Location     Type
		None               void
 Registers used:
		wreg, status,2
 Tracked objects:
		On entry : 
		On exit  : 
		Unchanged: 
 Data sizes:     COMRAM   BANK0   BANK1   BANK2   BANK3   BANK4   BANK5
      Params:         0       0       0       0       0       0       0
      Locals:         0       0       0       0       0       0       0
      Temps:          0       0       0       0       0       0       0
      Totals:         0       0       0       0       0       0       0
Total ram usage:        0 bytes
 Hardware stack levels used:    1
 This function calls:
		Nothing
 This function is called by:
		_main
 This function uses a non-reentrant model


 *************** function _ADC_Convert *****************
 Defined at:
		line 168 in file "main.c"
 Parameters:    Size  Location     Type
		None
 Auto vars:     Size  Location     Type
		None
 Return value:  Size  Location     Type
                  1    wreg      unsigned char 
 Registers used:
		wreg, status,2
 Tracked objects:
		On entry : 
		On exit  : 
		Unchanged: 
 Data sizes:     COMRAM   BANK0   BANK1   BANK2   BANK3   BANK4   BANK5
      Params:         0       0       0       0       0       0       0
      Locals:         0       0       0       0       0       0       0
      Temps:          0       0       0       0       0       0       0
      Totals:         0       0       0       0       0       0       0
Total ram usage:        0 bytes
 Hardware stack levels used:    1
 This function calls:
		Nothing
 This function is called by:
		_main
 This function uses a non-reentrant model



MODULE INFORMATION

Module		Function		Class		Link	Load	Size
xlcd.c
		_OpenLCD       		CODE           	0614	0000	177
		_putLCD        		CODE           	0762	0000	97
		_DelayFor18TCY 		CODE           	097C	0000	9
		_WriteCmdLCD   		CODE           	0856	0000	65
		_WriteDataLCD  		CODE           	0816	0000	65
		_BusyLCD       		CODE           	0896	0000	61
		_InitLCD       		CODE           	08D2	0000	33
		_SetLCDDDRamAdd		CODE           	07C2	0000	85

xlcd.c estimated size: 592

C:\Program Files (x86)\Microchip\xc8\v1.34\sources\pic18\d10ktcyx.c
		_Delay10KTCYx  		CODE           	08F2	0000	25

C:\Program Files (x86)\Microchip\xc8\v1.34\sources\pic18\d10ktcyx.c estimated size: 25

C:\Program Files (x86)\Microchip\xc8\v1.34\sources\pic18\d1ktcyx.c
		_Delay1KTCYx   		CODE           	0934	0000	19

C:\Program Files (x86)\Microchip\xc8\v1.34\sources\pic18\d1ktcyx.c estimated size: 19

C:\Program Files (x86)\Microchip\xc8\v1.34\sources\pic18\d1tcyx.c
		_Delay1TCYx    		CODE           	0970	0000	13

C:\Program Files (x86)\Microchip\xc8\v1.34\sources\pic18\d1tcyx.c estimated size: 13

shared
		__initializatio		CODE           	0946	0000	5
		_ADC_ThrottlePW		CODE           	0180	0000	17

shared estimated size: 22

C:\Program Files (x86)\Microchip\xc8\v1.34\sources\pic18\d100tcyx.c
		_Delay100TCYx  		CODE           	0922	0000	19

C:\Program Files (x86)\Microchip\xc8\v1.34\sources\pic18\d100tcyx.c estimated size: 19

main.c
		_main          		CODE           	06C4	0000	159
		_ADC_Convert   		CODE           	0962	0000	15
		_PWM_Init      		CODE           	0954	0000	15
		_ADC_Init      		CODE           	090A	0000	25

main.c estimated size: 214

