Microchip MPLAB XC8 Compiler V1.34 ()

Linker command line:

--edf=C:\Program Files (x86)\Microchip\xc8\v1.34\dat\en_msgs.txt -cs \
  -h+dist/default/production\Controller.X.production.sym \
  --cmf=dist/default/production\Controller.X.production.cmf -z -Q18F45K20 \
  -oC:\Users\ADMINI~1\AppData\Local\Temp\s4ho.6 \
  -Mdist/default/production/Controller.X.production.map -E1 -ver=XC8 \
  -ASTACK=060h-05ffh -pstack=STACK -ACODE=00h-07FFFh -ACONST=00h-07FFFh \
  -ASMALLCONST=0600h-06FFhx122 -AMEDIUMCONST=0600h-07FFFh -ACOMRAM=01h-05Fh \
  -AABS1=00h-05FFh -ABIGRAM=01h-05FFh -ARAM=060h-0FFh,0100h-01FFhx5 \
  -ABANK0=060h-0FFh -ABANK1=0100h-01FFh -ABANK2=0200h-02FFh \
  -ABANK3=0300h-03FFh -ABANK4=0400h-04FFh -ABANK5=0500h-05FFh \
  -ASFR=0F60h-0FFFh \
  -preset_vec=00h,intcode=08h,intcodelo=018h,powerup,init,end_init \
  -pramtop=0600h -psmallconst=SMALLCONST -pmediumconst=MEDIUMCONST \
  -pconst=CONST -AFARRAM=00h-00h -ACONFIG=0300000h-030000Dh -pconfig=CONFIG \
  -AIDLOC=0200000h-0200007h -pidloc=IDLOC -AEEDATA=0F00000h-0F000FFh \
  -peeprom_data=EEDATA \
  -prdata=COMRAM,nvrram=COMRAM,nvbit=COMRAM,rbss=COMRAM,rbit=COMRAM \
  -pfarbss=FARRAM,fardata=FARRAM,nvFARRAM=FARRAM \
  -pintsave_regs=BIGRAM,bigbss=BIGRAM,bigdata=BIGRAM -pbss=RAM \
  -pidata=CODE,irdata=CODE,ibigdata=CODE,ifardata=CODE -prparam=COMRAM \
  C:\Users\ADMINI~1\AppData\Local\Temp\s4ho.obj \
  dist/default/production\Controller.X.production.obj 

Object code version is 3.11

Machine type is 18F45K20

Call graph: (short form)




                Name                               Link     Load   Length Selector   Space Scale
C:\Users\ADMINI~1\AppData\Local\Temp\s4ho.obj
                end_init                             C0       C0        4        C       0
                reset_vec                             0        0        4        0       0
                idloc                            200000   200000        8   200000       0
                config                           300000   300000        E   300000       0
dist/default/production\Controller.X.production.obj
                intcodelo                            18       18       A8        C       0
                intcode                               8        8       10        4       0
                smallconst                          600      600       16      300       0
                intcode_body                        846      846       70      30B       0
                text20                              C1E      C1E       12      30B       0
                text19                              C30      C30        E      30B       0
                text18                              C4A      C4A        C      30B       0
                text17                              C56      C56        8      30B       0
                text16                              B78      B78       3C      30B       0
                text15                              B3C      B3C       3C      30B       0
                text14                              C0C      C0C       12      30B       0
                text13                              BDE      BDE       18      30B       0
                text12                              9CC      9CC       54      30B       0
                text11                              AFC      AFC       40      30B       0
                text10                              6DE      6DE       BE      30B       0
                text9                               A20      A20       50      30B       0
                text8                               BF6      BF6       16      30B       0
                text7                               972      972       5A      30B       0
                text6                               ABC      ABC       40      30B       0
                text5                               8B6      8B6       60      30B       0
                text4                               916      916       5C      30B       0
                text3                               A70      A70       4C      30B       0
                text2                               79C      79C       AA      30B       0
                text1                               BB4      BB4       2A      30B       0
                text0                               616      616       C8      30B       0
                cstackCOMRAM                          1        1       35        1       1
                bssCOMRAM                            36       36        1        1       1
                cinit                               C3E      C3E        C      30B       0

TOTAL           Name                               Link     Load   Length     Space
        CLASS   STACK          

        CLASS   CODE           
                end_init                             C0       C0        4         0
                intcodelo                            18       18       A8         0
                intcode                               8        8       10         0
                reset_vec                             0        0        4         0
                intcode_body                        846      846       70         0
                text20                              C1E      C1E       12         0
                text19                              C30      C30        E         0
                text18                              C4A      C4A        C         0
                text17                              C56      C56        8         0
                text16                              B78      B78       3C         0
                text15                              B3C      B3C       3C         0
                text14                              C0C      C0C       12         0
                text13                              BDE      BDE       18         0
                text12                              9CC      9CC       54         0
                text11                              AFC      AFC       40         0
                text10                              6DE      6DE       BE         0
                text9                               A20      A20       50         0
                text8                               BF6      BF6       16         0
                text7                               972      972       5A         0
                text6                               ABC      ABC       40         0
                text5                               8B6      8B6       60         0
                text4                               916      916       5C         0
                text3                               A70      A70       4C         0
                text2                               79C      79C       AA         0
                text1                               BB4      BB4       2A         0
                text0                               616      616       C8         0
                cinit                               C3E      C3E        C         0

        CLASS   CONST          

        CLASS   SMALLCONST     
                smallconst                          600      600       16         0

        CLASS   MEDIUMCONST    

        CLASS   COMRAM         
                cstackCOMRAM                          1        1       35         1
                bssCOMRAM                            36       36        1         1

        CLASS   ABS1           

        CLASS   BIGRAM         

        CLASS   RAM            

        CLASS   BANK0          

        CLASS   BANK1          

        CLASS   BANK2          

        CLASS   BANK3          

        CLASS   BANK4          

        CLASS   BANK5          

        CLASS   SFR            

        CLASS   FARRAM         

        CLASS   CONFIG         
                config                           300000   300000        E         0

        CLASS   IDLOC          
                idloc                            200000   200000        8         0

        CLASS   EEDATA         



SEGMENTS        Name                           Load    Length   Top    Selector   Space  Class

                reset_vec                      000000  000004  000004         0       0  CODE    
                cstackCOMRAM                   000001  000036  000037         1       1  COMRAM  
                intcode                        000008  000010  000018         4       0  CODE    
                intcodelo                      000018  0000AC  0000C4         C       0  CODE    
                smallconst                     000600  000016  000616       300       0  SMALLCON
                text0                          000616  000648  000C5E       30B       0  CODE    
                idloc                          200000  000008  200008    200000       0  IDLOC   
                config                         300000  00000E  30000E    300000       0  CONFIG  


UNUSED ADDRESS RANGES

        Name                Unused          Largest block    Delta
        BANK0            000060-0000FF               A0
        BANK1            000100-0001FF              100
        BANK2            000200-0002FF              100
        BANK3            000300-0003FF              100
        BANK4            000400-0004FF              100
        BANK5            000500-0005FF              100
        BIGRAM           000037-0005FF              5C9
        CODE             000004-000007                4
                         0000C4-0005FF              53C
                         000C5E-007FFF             73A2
        COMRAM           000037-00005F               29
        CONST            000004-000007                4
                         0000C4-0005FF              53C
                         000C5E-007FFF             73A2
        EEDATA           F00000-F000FF              100
        MEDIUMCONST      000C5E-007FFF             73A2
        RAM              000060-0005FF              100
        SFR              000F60-000FFF               A0
        SMALLCONST       000C5E-007FFF              100
        STACK            000060-0005FF              5A0

                                  Symbol Table

?___lwdiv                     cstackCOMRAM 000020
?___lwmod                     cstackCOMRAM 000020
Delay100TCYx@unit             cstackCOMRAM 000020
Delay10KTCYx@unit             cstackCOMRAM 000021
Delay1KTCYx@unit              cstackCOMRAM 000020
Delay1TCYx@unit               cstackCOMRAM 000020
OpenLCD@lcdtype               cstackCOMRAM 000025
SetLCDCGRamAddr@CGaddr        cstackCOMRAM 000024
SetLCDDDRamAddr@DDaddr        cstackCOMRAM 000024
WriteCmdLCD@cmd               cstackCOMRAM 000021
WriteDataLCD@data             cstackCOMRAM 000021
_ANSEL                        (abs)        000F7E
_ANSELH                       (abs)        000F7F
_BusyLCD                      text16       000B78
_BusyXLCD                     text15       000B3C
_Delay100TCYx                 text14       000C0C
_Delay10KTCYx                 text13       000BDE
_Delay1KTCYx                  text20       000C1E
_Delay1TCYx                   text18       000C4A
_DelayFor18TCY                text17       000C56
_INTCON2bits                  (abs)        000FF1
_INTCON3bits                  (abs)        000FF0
_INTCONbits                   (abs)        000FF2
_InitInterrupts               text19       000C30
_InitLCD                      text9        000A20
_InitPorts                    text8        000BF6
_LATBbits                     (abs)        000F8A
_LATD                         (abs)        000F8C
_LATDbits                     (abs)        000F8C
_LATEbits                     (abs)        000F8D
_OpenLCD                      text10       0006DE
_PORTB                        (abs)        000F81
_PORTD                        (abs)        000F83
_PortBValue                   bssCOMRAM    000036
_RCONbits                     (abs)        000FD0
_SetLCDCGRamAddr              text7        000972
_SetLCDDDRamAddr              text12       0009CC
_TRISB                        (abs)        000F93
_TRISD                        (abs)        000F95
_TRISEbits                    (abs)        000F96
_WPUBbits                     (abs)        000F7C
_WriteCmdLCD                  text11       000AFC
_WriteDataLCD                 text6        000ABC
_XC8_HighISR_Handler          intcode      000008
_XC8_LowISR_Handler           intcodelo    000018
__CFG_BOREN$SBORDIS           (abs)        000000
__CFG_BORV$30                 (abs)        000000
__CFG_CCP2MX$PORTC            (abs)        000000
__CFG_CP0$OFF                 (abs)        000000
__CFG_CP1$OFF                 (abs)        000000
__CFG_CP2$OFF                 (abs)        000000
__CFG_CP3$OFF                 (abs)        000000
__CFG_CPB$OFF                 (abs)        000000
__CFG_CPD$OFF                 (abs)        000000
__CFG_EBTR0$OFF               (abs)        000000
__CFG_EBTR1$OFF               (abs)        000000
__CFG_EBTR2$OFF               (abs)        000000
__CFG_EBTR3$OFF               (abs)        000000
__CFG_EBTRB$OFF               (abs)        000000
__CFG_FCMEN$OFF               (abs)        000000
__CFG_FOSC$INTIO67            (abs)        000000
__CFG_IESO$OFF                (abs)        000000
__CFG_LPT1OSC$ON              (abs)        000000
__CFG_LVP$OFF                 (abs)        000000
__CFG_MCLRE$OFF               (abs)        000000
__CFG_PBADEN$ON               (abs)        000000
__CFG_PWRT$OFF                (abs)        000000
__CFG_STVREN$ON               (abs)        000000
__CFG_WDTEN$OFF               (abs)        000000
__CFG_WDTPS$32768             (abs)        000000
__CFG_WRT0$OFF                (abs)        000000
__CFG_WRT1$OFF                (abs)        000000
__CFG_WRT2$OFF                (abs)        000000
__CFG_WRT3$OFF                (abs)        000000
__CFG_WRTB$OFF                (abs)        000000
__CFG_WRTC$OFF                (abs)        000000
__CFG_WRTD$OFF                (abs)        000000
__CFG_XINST$OFF               (abs)        000000
__HRAM                        (abs)        000000
__Habs1                       abs1         000000
__Hbank0                      bank0        000000
__Hbank1                      bank1        000000
__Hbank2                      bank2        000000
__Hbank3                      bank3        000000
__Hbank4                      bank4        000000
__Hbank5                      bank5        000000
__Hbigbss                     bigbss       000000
__Hbigdata                    bigdata      000000
__Hbigram                     bigram       000000
__Hbss                        bss          000000
__HbssCOMRAM                  bssCOMRAM    000000
__Hcinit                      cinit        000000
__Hclrtext                    clrtext      000000
__Hcomram                     comram       000000
__Hconfig                     config       30000E
__Hconst                      const        000000
__HcstackCOMRAM               cstackCOMRAM 000000
__Hdata                       data         000000
__Heeprom_data                eeprom_data  000000
__Hend_init                   end_init     0000C4
__Hfarbss                     farbss       000000
__Hfardata                    fardata      000000
__Hibigdata                   ibigdata     000000
__Hidata                      idata        000000
__Hidloc                      idloc        200008
__Hifardata                   ifardata     000000
__Hinit                       init         0000C0
__Hintcode                    intcode      000018
__Hintcode_body               intcode_body 000000
__Hintcodelo                  intcodelo    0000C0
__Hintentry                   intentry     000000
__Hintret                     intret       000000
__Hintsave_regs               intsave_regs 000000
__Hirdata                     irdata       000000
__Hmediumconst                mediumconst  000000
__HnvFARRAM                   nvFARRAM     000000
__Hnvbit                      nvbit        000000
__Hnvrram                     nvrram       000000
__Hparam                      rparam       000000
__Hpowerup                    powerup      0000C0
__Hram                        ram          000000
__Hramtop                     ramtop       000600
__Hrbit                       rbit         000000
__Hrbss                       rbss         000000
__Hrdata                      rdata        000000
__Hreset_vec                  reset_vec    000004
__Hrparam                     rparam       000000
__Hsfr                        sfr          000000
__Hsmallconst                 smallconst   000616
__Hspace_0                    (abs)        30000E
__Hspace_1                    (abs)        000037
__Hspace_2                    (abs)        000000
__Hstack                      stack        000000
__Hstruct                     struct       000000
__Htemp                       temp         000000
__Htext                       text         000000
__Htext0                      text0        000000
__Htext1                      text1        000000
__Htext10                     text10       000000
__Htext11                     text11       000000
__Htext12                     text12       000000
__Htext13                     text13       000000
__Htext14                     text14       000000
__Htext15                     text15       000000
__Htext16                     text16       000000
__Htext17                     text17       000000
__Htext18                     text18       000000
__Htext19                     text19       000000
__Htext2                      text2        000000
__Htext20                     text20       000000
__Htext3                      text3        000000
__Htext4                      text4        000000
__Htext5                      text5        000000
__Htext6                      text6        000000
__Htext7                      text7        000000
__Htext8                      text8        000000
__Htext9                      text9        000000
__LRAM                        (abs)        000001
__Labs1                       abs1         000000
__Lbank0                      bank0        000000
__Lbank1                      bank1        000000
__Lbank2                      bank2        000000
__Lbank3                      bank3        000000
__Lbank4                      bank4        000000
__Lbank5                      bank5        000000
__Lbigbss                     bigbss       000000
__Lbigdata                    bigdata      000000
__Lbigram                     bigram       000000
__Lbss                        bss          000000
__LbssCOMRAM                  bssCOMRAM    000000
__Lcinit                      cinit        000000
__Lclrtext                    clrtext      000000
__Lcomram                     comram       000000
__Lconfig                     config       300000
__Lconst                      const        000000
__LcstackCOMRAM               cstackCOMRAM 000000
__Ldata                       data         000000
__Leeprom_data                eeprom_data  000000
__Lend_init                   end_init     0000C0
__Lfarbss                     farbss       000000
__Lfardata                    fardata      000000
__Libigdata                   ibigdata     000000
__Lidata                      idata        000000
__Lidloc                      idloc        200000
__Lifardata                   ifardata     000000
__Linit                       init         0000C0
__Lintcode                    intcode      000008
__Lintcode_body               intcode_body 000000
__Lintcodelo                  intcodelo    000018
__Lintentry                   intentry     000000
__Lintret                     intret       000000
__Lintsave_regs               intsave_regs 000000
__Lirdata                     irdata       000000
__Lmediumconst                mediumconst  000000
__LnvFARRAM                   nvFARRAM     000000
__Lnvbit                      nvbit        000000
__Lnvrram                     nvrram       000000
__Lparam                      rparam       000000
__Lpowerup                    powerup      0000C0
__Lram                        ram          000000
__Lramtop                     ramtop       000600
__Lrbit                       rbit         000000
__Lrbss                       rbss         000000
__Lrdata                      rdata        000000
__Lreset_vec                  reset_vec    000000
__Lrparam                     rparam       000000
__Lsfr                        sfr          000000
__Lsmallconst                 smallconst   000600
__Lspace_0                    (abs)        000000
__Lspace_1                    (abs)        000000
__Lspace_2                    (abs)        000000
__Lstack                      stack        000000
__Lstruct                     struct       000000
__Ltemp                       temp         000000
__Ltext                       text         000000
__Ltext0                      text0        000000
__Ltext1                      text1        000000
__Ltext10                     text10       000000
__Ltext11                     text11       000000
__Ltext12                     text12       000000
__Ltext13                     text13       000000
__Ltext14                     text14       000000
__Ltext15                     text15       000000
__Ltext16                     text16       000000
__Ltext17                     text17       000000
__Ltext18                     text18       000000
__Ltext19                     text19       000000
__Ltext2                      text2        000000
__Ltext20                     text20       000000
__Ltext3                      text3        000000
__Ltext4                      text4        000000
__Ltext5                      text5        000000
__Ltext6                      text6        000000
__Ltext7                      text7        000000
__Ltext8                      text8        000000
__Ltext9                      text9        000000
__S0                          (abs)        30000E
__S1                          (abs)        000037
__S2                          (abs)        000000
___inthi_sp                   stack        000000
___intlo_sp                   stack        000000
___lwdiv                      text4        000916
___lwdiv@counter              cstackCOMRAM 000026
___lwdiv@dividend             cstackCOMRAM 000020
___lwdiv@divisor              cstackCOMRAM 000022
___lwdiv@quotient             cstackCOMRAM 000024
___lwmod                      text3        000A70
___lwmod@counter              cstackCOMRAM 000024
___lwmod@dividend             cstackCOMRAM 000020
___lwmod@divisor              cstackCOMRAM 000022
___param_bank                 (abs)        000010
___rparam_used                (abs)        000001
___sp                         stack        000000
__accesstop                   (abs)        000060
__activetblptr                (abs)        000002
__end_of_BusyLCD              text16       000BB4
__end_of_BusyXLCD             text15       000B78
__end_of_Delay100TCYx         text14       000C1E
__end_of_Delay10KTCYx         text13       000BF6
__end_of_Delay1KTCYx          text20       000C30
__end_of_Delay1TCYx           text18       000C56
__end_of_DelayFor18TCY        text17       000C5E
__end_of_InitInterrupts       text19       000C3E
__end_of_InitLCD              text9        000A70
__end_of_InitPorts            text8        000C0C
__end_of_OpenLCD              text10       00079C
__end_of_SetLCDCGRamAddr      text7        0009CC
__end_of_SetLCDDDRamAddr      text12       000A20
__end_of_WriteCmdLCD          text11       000B3C
__end_of_WriteDataLCD         text6        000AFC
__end_of_XC8_HighISR_Handler  intcode_body 0008B6
__end_of_XC8_LowISR_Handler   intcodelo    0000C0
__end_of___lwdiv              text4        000972
__end_of___lwmod              text3        000ABC
__end_of__initialization      cinit        000C40
__end_of_main                 text0        0006DE
__end_of_putIntLCD            text1        000BDE
__end_of_putLCD               text5        000916
__end_of_utoa                 text2        000846
__initialization              cinit        000C3E
__mediumconst                 mediumconst  000000
__pbssCOMRAM                  bssCOMRAM    000036
__pcinit                      cinit        000C3E
__pcstackCOMRAM               cstackCOMRAM 000001
__pintcode                    intcode      000008
__pintcode_body               intcode_body 000846
__pintcodelo                  intcodelo    000018
__psmallconst                 smallconst   000600
__ptext0                      text0        000616
__ptext1                      text1        000BB4
__ptext10                     text10       0006DE
__ptext11                     text11       000AFC
__ptext12                     text12       0009CC
__ptext13                     text13       000BDE
__ptext14                     text14       000C0C
__ptext15                     text15       000B3C
__ptext16                     text16       000B78
__ptext17                     text17       000C56
__ptext18                     text18       000C4A
__ptext19                     text19       000C30
__ptext2                      text2        00079C
__ptext20                     text20       000C1E
__ptext3                      text3        000A70
__ptext4                      text4        000916
__ptext5                      text5        0008B6
__ptext6                      text6        000ABC
__ptext7                      text7        000972
__ptext8                      text8        000BF6
__ptext9                      text9        000A20
__ramtop                      ramtop       000600
__size_of_BusyLCD             (abs)        000000
__size_of_BusyXLCD            (abs)        000000
__size_of_Delay100TCYx        (abs)        000000
__size_of_Delay10KTCYx        (abs)        000000
__size_of_Delay1KTCYx         (abs)        000000
__size_of_Delay1TCYx          (abs)        000000
__size_of_DelayFor18TCY       (abs)        000000
__size_of_InitInterrupts      (abs)        000000
__size_of_InitLCD             (abs)        000000
__size_of_InitPorts           (abs)        000000
__size_of_OpenLCD             (abs)        000000
__size_of_SetLCDCGRamAddr     (abs)        000000
__size_of_SetLCDDDRamAddr     (abs)        000000
__size_of_WriteCmdLCD         (abs)        000000
__size_of_WriteDataLCD        (abs)        000000
__size_of_XC8_HighISR_Handler (abs)        000000
__size_of_XC8_LowISR_Handler  (abs)        000000
__size_of___lwdiv             (abs)        000000
__size_of___lwmod             (abs)        000000
__size_of_main                (abs)        000000
__size_of_putIntLCD           (abs)        000000
__size_of_putLCD              (abs)        000000
__size_of_utoa                (abs)        000000
__smallconst                  smallconst   000600
_main                         text0        000616
_putIntLCD                    text1        000BB4
_putLCD                       text5        0008B6
_utoa                         text2        00079C
end_of_initialization         cinit        000C40
int_func                      intcode_body 000846
intlevel0                     text         000000
intlevel1                     text         000000
intlevel2                     text         000000
intlevel3                     text         000000
putIntLCD@n                   cstackCOMRAM 000030
putIntLCD@result              cstackCOMRAM 000032
putLCD@buffer                 cstackCOMRAM 000022
stackhi                       (abs)        0005FF
stacklo                       (abs)        000060
start                         init         0000C0
start_initialization          cinit        000C3E
utoa@base                     cstackCOMRAM 00002B
utoa@buf                      cstackCOMRAM 000027
utoa@c                        cstackCOMRAM 00002F
utoa@v                        cstackCOMRAM 00002D
utoa@val                      cstackCOMRAM 000029


FUNCTION INFORMATION:

 *************** function _main *****************
 Defined at:
		line 53 in file "main.c"
 Parameters:    Size  Location     Type
		None
 Auto vars:     Size  Location     Type
		None
 Return value:  Size  Location     Type
		None               void
 Registers used:
		wreg, fsr0l, fsr0h, fsr2l, fsr2h, status,2, status,0, tblptrl, tblptrh, tblptru, cstack
 Tracked objects:
		On entry : 
		On exit  : 
		Unchanged: 
 Data sizes:     COMRAM   BANK0   BANK1   BANK2   BANK3   BANK4   BANK5
      Params:         0       0       0       0       0       0       0
      Locals:         0       0       0       0       0       0       0
      Temps:          0       0       0       0       0       0       0
      Totals:         0       0       0       0       0       0       0
Total ram usage:        0 bytes
 Hardware stack levels required when called:    7
 This function calls:
		_Delay1KTCYx
		_InitInterrupts
		_InitLCD
		_InitPorts
		_SetLCDCGRamAddr
		_SetLCDDDRamAddr
		_WriteCmdLCD
		_WriteDataLCD
		_putIntLCD
		_putLCD
 This function is called by:
		Startup code after reset
 This function uses a non-reentrant model


 *************** function _putIntLCD *****************
 Defined at:
		line 337 in file "lcddisplay.c"
 Parameters:    Size  Location     Type
  n               2   47[COMRAM] short 
 Auto vars:     Size  Location     Type
  result          4   49[COMRAM] unsigned char [4]
 Return value:  Size  Location     Type
		None               void
 Registers used:
		wreg, fsr0l, fsr0h, fsr2l, fsr2h, status,2, status,0, tblptrl, tblptrh, tblptru, cstack
 Tracked objects:
		On entry : 
		On exit  : 
		Unchanged: 
 Data sizes:     COMRAM   BANK0   BANK1   BANK2   BANK3   BANK4   BANK5
      Params:         2       0       0       0       0       0       0
      Locals:         4       0       0       0       0       0       0
      Temps:          0       0       0       0       0       0       0
      Totals:         6       0       0       0       0       0       0
Total ram usage:        6 bytes
 Hardware stack levels used:    1
 Hardware stack levels required when called:    6
 This function calls:
		_putLCD
		_utoa
 This function is called by:
		_main
 This function uses a non-reentrant model


 *************** function _utoa *****************
 Defined at:
		line 17 in file "C:\Program Files (x86)\Microchip\xc8\v1.34\sources\common\itoa.c"
 Parameters:    Size  Location     Type
  buf             2   38[COMRAM] PTR unsigned char 
		 -> putIntLCD@result(4), 
  val             2   40[COMRAM] unsigned int 
  base            2   42[COMRAM] int 
 Auto vars:     Size  Location     Type
  v               2   44[COMRAM] unsigned int 
  c               1   46[COMRAM] unsigned char 
 Return value:  Size  Location     Type
                  2   38[COMRAM] PTR unsigned char 
 Registers used:
		wreg, fsr2l, fsr2h, status,2, status,0, cstack
 Tracked objects:
		On entry : 
		On exit  : 
		Unchanged: 
 Data sizes:     COMRAM   BANK0   BANK1   BANK2   BANK3   BANK4   BANK5
      Params:         6       0       0       0       0       0       0
      Locals:         3       0       0       0       0       0       0
      Temps:          0       0       0       0       0       0       0
      Totals:         9       0       0       0       0       0       0
Total ram usage:        9 bytes
 Hardware stack levels used:    1
 Hardware stack levels required when called:    3
 This function calls:
		___lwdiv
		___lwmod
 This function is called by:
		_putIntLCD
 This function uses a non-reentrant model


 *************** function ___lwmod *****************
 Defined at:
		line 8 in file "C:\Program Files (x86)\Microchip\xc8\v1.34\sources\common\lwmod.c"
 Parameters:    Size  Location     Type
  dividend        2   31[COMRAM] unsigned int 
  divisor         2   33[COMRAM] unsigned int 
 Auto vars:     Size  Location     Type
  counter         1   35[COMRAM] unsigned char 
 Return value:  Size  Location     Type
                  2   31[COMRAM] unsigned int 
 Registers used:
		wreg, status,2, status,0
 Tracked objects:
		On entry : 
		On exit  : 
		Unchanged: 
 Data sizes:     COMRAM   BANK0   BANK1   BANK2   BANK3   BANK4   BANK5
      Params:         4       0       0       0       0       0       0
      Locals:         1       0       0       0       0       0       0
      Temps:          0       0       0       0       0       0       0
      Totals:         5       0       0       0       0       0       0
Total ram usage:        5 bytes
 Hardware stack levels used:    1
 Hardware stack levels required when called:    2
 This function calls:
		Nothing
 This function is called by:
		_utoa
 This function uses a non-reentrant model


 *************** function ___lwdiv *****************
 Defined at:
		line 8 in file "C:\Program Files (x86)\Microchip\xc8\v1.34\sources\common\lwdiv.c"
 Parameters:    Size  Location     Type
  dividend        2   31[COMRAM] unsigned int 
  divisor         2   33[COMRAM] unsigned int 
 Auto vars:     Size  Location     Type
  quotient        2   35[COMRAM] unsigned int 
  counter         1   37[COMRAM] unsigned char 
 Return value:  Size  Location     Type
                  2   31[COMRAM] unsigned int 
 Registers used:
		wreg, status,2, status,0
 Tracked objects:
		On entry : 
		On exit  : 
		Unchanged: 
 Data sizes:     COMRAM   BANK0   BANK1   BANK2   BANK3   BANK4   BANK5
      Params:         4       0       0       0       0       0       0
      Locals:         3       0       0       0       0       0       0
      Temps:          0       0       0       0       0       0       0
      Totals:         7       0       0       0       0       0       0
Total ram usage:        7 bytes
 Hardware stack levels used:    1
 Hardware stack levels required when called:    2
 This function calls:
		Nothing
 This function is called by:
		_utoa
 This function uses a non-reentrant model


 *************** function _putLCD *****************
 Defined at:
		line 344 in file "lcddisplay.c"
 Parameters:    Size  Location     Type
  buffer          2   33[COMRAM] PTR unsigned char 
		 -> putIntLCD@result(4), STR_2(10), STR_1(9), 
 Auto vars:     Size  Location     Type
		None
 Return value:  Size  Location     Type
		None               void
 Registers used:
		wreg, fsr0l, fsr0h, status,2, status,0, tblptrl, tblptrh, tblptru, cstack
 Tracked objects:
		On entry : 
		On exit  : 
		Unchanged: 
 Data sizes:     COMRAM   BANK0   BANK1   BANK2   BANK3   BANK4   BANK5
      Params:         2       0       0       0       0       0       0
      Locals:         0       0       0       0       0       0       0
      Temps:          0       0       0       0       0       0       0
      Totals:         2       0       0       0       0       0       0
Total ram usage:        2 bytes
 Hardware stack levels used:    1
 Hardware stack levels required when called:    5
 This function calls:
		_BusyLCD
		_WriteDataLCD
 This function is called by:
		_main
		_putIntLCD
 This function uses a non-reentrant model


 *************** function _WriteDataLCD *****************
 Defined at:
		line 355 in file "lcddisplay.c"
 Parameters:    Size  Location     Type
  data            1    wreg     unsigned char 
 Auto vars:     Size  Location     Type
  data            1   32[COMRAM] unsigned char 
 Return value:  Size  Location     Type
		None               void
 Registers used:
		wreg, status,2, status,0, cstack
 Tracked objects:
		On entry : 
		On exit  : 
		Unchanged: 
 Data sizes:     COMRAM   BANK0   BANK1   BANK2   BANK3   BANK4   BANK5
      Params:         0       0       0       0       0       0       0
      Locals:         1       0       0       0       0       0       0
      Temps:          0       0       0       0       0       0       0
      Totals:         1       0       0       0       0       0       0
Total ram usage:        1 bytes
 Hardware stack levels used:    1
 Hardware stack levels required when called:    4
 This function calls:
		_DelayFor18TCY
 This function is called by:
		_main
		_putLCD
 This function uses a non-reentrant model


 *************** function _SetLCDCGRamAddr *****************
 Defined at:
		line 285 in file "lcddisplay.c"
 Parameters:    Size  Location     Type
  CGaddr          1    wreg     unsigned char 
 Auto vars:     Size  Location     Type
  CGaddr          1   35[COMRAM] unsigned char 
 Return value:  Size  Location     Type
		None               void
 Registers used:
		wreg, status,2, status,0, cstack
 Tracked objects:
		On entry : 
		On exit  : 
		Unchanged: 
 Data sizes:     COMRAM   BANK0   BANK1   BANK2   BANK3   BANK4   BANK5
      Params:         0       0       0       0       0       0       0
      Locals:         1       0       0       0       0       0       0
      Temps:          3       0       0       0       0       0       0
      Totals:         4       0       0       0       0       0       0
Total ram usage:        4 bytes
 Hardware stack levels used:    1
 Hardware stack levels required when called:    4
 This function calls:
		_DelayFor18TCY
 This function is called by:
		_main
 This function uses a non-reentrant model


 *************** function _InitPorts *****************
 Defined at:
		line 42 in file "ports.c"
 Parameters:    Size  Location     Type
		None
 Auto vars:     Size  Location     Type
		None
 Return value:  Size  Location     Type
		None               void
 Registers used:
		wreg, status,2
 Tracked objects:
		On entry : 
		On exit  : 
		Unchanged: 
 Data sizes:     COMRAM   BANK0   BANK1   BANK2   BANK3   BANK4   BANK5
      Params:         0       0       0       0       0       0       0
      Locals:         0       0       0       0       0       0       0
      Temps:          0       0       0       0       0       0       0
      Totals:         0       0       0       0       0       0       0
Total ram usage:        0 bytes
 Hardware stack levels used:    1
 Hardware stack levels required when called:    2
 This function calls:
		Nothing
 This function is called by:
		_main
 This function uses a non-reentrant model


 *************** function _InitLCD *****************
 Defined at:
		line 6 in file "lcddisplay.c"
 Parameters:    Size  Location     Type
		None
 Auto vars:     Size  Location     Type
		None
 Return value:  Size  Location     Type
		None               void
 Registers used:
		wreg, status,2, status,0, cstack
 Tracked objects:
		On entry : 
		On exit  : 
		Unchanged: 
 Data sizes:     COMRAM   BANK0   BANK1   BANK2   BANK3   BANK4   BANK5
      Params:         0       0       0       0       0       0       0
      Locals:         0       0       0       0       0       0       0
      Temps:          0       0       0       0       0       0       0
      Totals:         0       0       0       0       0       0       0
Total ram usage:        0 bytes
 Hardware stack levels used:    1
 Hardware stack levels required when called:    6
 This function calls:
		_BusyLCD
		_OpenLCD
		_WriteCmdLCD
 This function is called by:
		_main
 This function uses a non-reentrant model


 *************** function _OpenLCD *****************
 Defined at:
		line 24 in file "lcddisplay.c"
 Parameters:    Size  Location     Type
  lcdtype         1    wreg     unsigned char 
 Auto vars:     Size  Location     Type
  lcdtype         1   36[COMRAM] unsigned char 
 Return value:  Size  Location     Type
		None               void
 Registers used:
		wreg, status,2, status,0, cstack
 Tracked objects:
		On entry : 
		On exit  : 
		Unchanged: 
 Data sizes:     COMRAM   BANK0   BANK1   BANK2   BANK3   BANK4   BANK5
      Params:         0       0       0       0       0       0       0
      Locals:         1       0       0       0       0       0       0
      Temps:          0       0       0       0       0       0       0
      Totals:         1       0       0       0       0       0       0
Total ram usage:        1 bytes
 Hardware stack levels used:    1
 Hardware stack levels required when called:    5
 This function calls:
		_BusyLCD
		_BusyXLCD
		_Delay100TCYx
		_Delay10KTCYx
		_SetLCDDDRamAddr
		_WriteCmdLCD
 This function is called by:
		_InitLCD
 This function uses a non-reentrant model


 *************** function _WriteCmdLCD *****************
 Defined at:
		line 90 in file "lcddisplay.c"
 Parameters:    Size  Location     Type
  cmd             1    wreg     unsigned char 
 Auto vars:     Size  Location     Type
  cmd             1   32[COMRAM] unsigned char 
 Return value:  Size  Location     Type
		None               void
 Registers used:
		wreg, status,2, status,0, cstack
 Tracked objects:
		On entry : 
		On exit  : 
		Unchanged: 
 Data sizes:     COMRAM   BANK0   BANK1   BANK2   BANK3   BANK4   BANK5
      Params:         0       0       0       0       0       0       0
      Locals:         1       0       0       0       0       0       0
      Temps:          0       0       0       0       0       0       0
      Totals:         1       0       0       0       0       0       0
Total ram usage:        1 bytes
 Hardware stack levels used:    1
 Hardware stack levels required when called:    4
 This function calls:
		_DelayFor18TCY
 This function is called by:
		_main
		_InitLCD
		_OpenLCD
 This function uses a non-reentrant model


 *************** function _SetLCDDDRamAddr *****************
 Defined at:
		line 235 in file "lcddisplay.c"
 Parameters:    Size  Location     Type
  DDaddr          1    wreg     unsigned char 
 Auto vars:     Size  Location     Type
  DDaddr          1   35[COMRAM] unsigned char 
 Return value:  Size  Location     Type
		None               void
 Registers used:
		wreg, status,2, status,0, cstack
 Tracked objects:
		On entry : 
		On exit  : 
		Unchanged: 
 Data sizes:     COMRAM   BANK0   BANK1   BANK2   BANK3   BANK4   BANK5
      Params:         0       0       0       0       0       0       0
      Locals:         1       0       0       0       0       0       0
      Temps:          3       0       0       0       0       0       0
      Totals:         4       0       0       0       0       0       0
Total ram usage:        4 bytes
 Hardware stack levels used:    1
 Hardware stack levels required when called:    4
 This function calls:
		_DelayFor18TCY
 This function is called by:
		_main
		_OpenLCD
 This function uses a non-reentrant model


 *************** function _Delay10KTCYx *****************
 Defined at:
		line 8 in file "C:\Program Files (x86)\Microchip\xc8\v1.34\sources\pic18\d10ktcyx.c"
 Parameters:    Size  Location     Type
  unit            1    wreg     unsigned char 
 Auto vars:     Size  Location     Type
  unit            1   32[COMRAM] unsigned char 
 Return value:  Size  Location     Type
		None               void
 Registers used:
		wreg
 Tracked objects:
		On entry : 
		On exit  : 
		Unchanged: 
 Data sizes:     COMRAM   BANK0   BANK1   BANK2   BANK3   BANK4   BANK5
      Params:         0       0       0       0       0       0       0
      Locals:         1       0       0       0       0       0       0
      Temps:          1       0       0       0       0       0       0
      Totals:         2       0       0       0       0       0       0
Total ram usage:        2 bytes
 Hardware stack levels used:    1
 Hardware stack levels required when called:    2
 This function calls:
		Nothing
 This function is called by:
		_OpenLCD
 This function uses a non-reentrant model


 *************** function _Delay100TCYx *****************
 Defined at:
		line 8 in file "C:\Program Files (x86)\Microchip\xc8\v1.34\sources\pic18\d100tcyx.c"
 Parameters:    Size  Location     Type
  unit            1    wreg     unsigned char 
 Auto vars:     Size  Location     Type
  unit            1   31[COMRAM] unsigned char 
 Return value:  Size  Location     Type
		None               void
 Registers used:
		wreg
 Tracked objects:
		On entry : 
		On exit  : 
		Unchanged: 
 Data sizes:     COMRAM   BANK0   BANK1   BANK2   BANK3   BANK4   BANK5
      Params:         0       0       0       0       0       0       0
      Locals:         1       0       0       0       0       0       0
      Temps:          0       0       0       0       0       0       0
      Totals:         1       0       0       0       0       0       0
Total ram usage:        1 bytes
 Hardware stack levels used:    1
 Hardware stack levels required when called:    2
 This function calls:
		Nothing
 This function is called by:
		_OpenLCD
 This function uses a non-reentrant model


 *************** function _BusyXLCD *****************
 Defined at:
		line 11 in file "C:\Program Files (x86)\Microchip\xc8\v1.34\sources\pic18\plib\XLCD\busyxlcd.c"
 Parameters:    Size  Location     Type
		None
 Auto vars:     Size  Location     Type
		None
 Return value:  Size  Location     Type
                  1    wreg      unsigned char 
 Registers used:
		wreg, cstack
 Tracked objects:
		On entry : 
		On exit  : 
		Unchanged: 
 Data sizes:     COMRAM   BANK0   BANK1   BANK2   BANK3   BANK4   BANK5
      Params:         0       0       0       0       0       0       0
      Locals:         0       0       0       0       0       0       0
      Temps:          0       0       0       0       0       0       0
      Totals:         0       0       0       0       0       0       0
Total ram usage:        0 bytes
 Hardware stack levels used:    1
 Hardware stack levels required when called:    4
 This function calls:
		_DelayFor18TCY
 This function is called by:
		_OpenLCD
 This function uses a non-reentrant model


 *************** function _BusyLCD *****************
 Defined at:
		line 186 in file "lcddisplay.c"
 Parameters:    Size  Location     Type
		None
 Auto vars:     Size  Location     Type
		None
 Return value:  Size  Location     Type
                  1    wreg      unsigned char 
 Registers used:
		wreg, cstack
 Tracked objects:
		On entry : 
		On exit  : 
		Unchanged: 
 Data sizes:     COMRAM   BANK0   BANK1   BANK2   BANK3   BANK4   BANK5
      Params:         0       0       0       0       0       0       0
      Locals:         0       0       0       0       0       0       0
      Temps:          0       0       0       0       0       0       0
      Totals:         0       0       0       0       0       0       0
Total ram usage:        0 bytes
 Hardware stack levels used:    1
 Hardware stack levels required when called:    4
 This function calls:
		_DelayFor18TCY
 This function is called by:
		_InitLCD
		_OpenLCD
		_putLCD
 This function uses a non-reentrant model


 *************** function _DelayFor18TCY *****************
 Defined at:
		line 18 in file "lcddisplay.c"
 Parameters:    Size  Location     Type
		None
 Auto vars:     Size  Location     Type
		None
 Return value:  Size  Location     Type
		None               void
 Registers used:
		wreg, cstack
 Tracked objects:
		On entry : 
		On exit  : 
		Unchanged: 
 Data sizes:     COMRAM   BANK0   BANK1   BANK2   BANK3   BANK4   BANK5
      Params:         0       0       0       0       0       0       0
      Locals:         0       0       0       0       0       0       0
      Temps:          0       0       0       0       0       0       0
      Totals:         0       0       0       0       0       0       0
Total ram usage:        0 bytes
 Hardware stack levels used:    1
 Hardware stack levels required when called:    3
 This function calls:
		_Delay1TCYx
 This function is called by:
		_WriteCmdLCD
		_BusyLCD
		_SetLCDDDRamAddr
		_SetLCDCGRamAddr
		_WriteDataLCD
		_BusyXLCD
 This function uses a non-reentrant model


 *************** function _Delay1TCYx *****************
 Defined at:
		line 4 in file "C:\Program Files (x86)\Microchip\xc8\v1.34\sources\pic18\d1tcyx.c"
 Parameters:    Size  Location     Type
  unit            1    wreg     unsigned char 
 Auto vars:     Size  Location     Type
  unit            1   31[COMRAM] unsigned char 
 Return value:  Size  Location     Type
		None               void
 Registers used:
		wreg
 Tracked objects:
		On entry : 
		On exit  : 
		Unchanged: 
 Data sizes:     COMRAM   BANK0   BANK1   BANK2   BANK3   BANK4   BANK5
      Params:         0       0       0       0       0       0       0
      Locals:         1       0       0       0       0       0       0
      Temps:          0       0       0       0       0       0       0
      Totals:         1       0       0       0       0       0       0
Total ram usage:        1 bytes
 Hardware stack levels used:    1
 Hardware stack levels required when called:    2
 This function calls:
		Nothing
 This function is called by:
		_DelayFor18TCY
 This function uses a non-reentrant model


 *************** function _InitInterrupts *****************
 Defined at:
		line 76 in file "ports.c"
 Parameters:    Size  Location     Type
		None
 Auto vars:     Size  Location     Type
		None
 Return value:  Size  Location     Type
		None               void
 Registers used:
		None
 Tracked objects:
		On entry : 
		On exit  : 
		Unchanged: 
 Data sizes:     COMRAM   BANK0   BANK1   BANK2   BANK3   BANK4   BANK5
      Params:         0       0       0       0       0       0       0
      Locals:         0       0       0       0       0       0       0
      Temps:          0       0       0       0       0       0       0
      Totals:         0       0       0       0       0       0       0
Total ram usage:        0 bytes
 Hardware stack levels used:    1
 Hardware stack levels required when called:    2
 This function calls:
		Nothing
 This function is called by:
		_main
 This function uses a non-reentrant model


 *************** function _Delay1KTCYx *****************
 Defined at:
		line 8 in file "C:\Program Files (x86)\Microchip\xc8\v1.34\sources\pic18\d1ktcyx.c"
 Parameters:    Size  Location     Type
  unit            1    wreg     unsigned char 
 Auto vars:     Size  Location     Type
  unit            1   31[COMRAM] unsigned char 
 Return value:  Size  Location     Type
		None               void
 Registers used:
		wreg
 Tracked objects:
		On entry : 
		On exit  : 
		Unchanged: 
 Data sizes:     COMRAM   BANK0   BANK1   BANK2   BANK3   BANK4   BANK5
      Params:         0       0       0       0       0       0       0
      Locals:         1       0       0       0       0       0       0
      Temps:          0       0       0       0       0       0       0
      Totals:         1       0       0       0       0       0       0
Total ram usage:        1 bytes
 Hardware stack levels used:    1
 Hardware stack levels required when called:    2
 This function calls:
		Nothing
 This function is called by:
		_main
 This function uses a non-reentrant model


 *************** function _XC8_LowISR_Handler *****************
 Defined at:
		line 141 in file "main.c"
 Parameters:    Size  Location     Type
		None
 Auto vars:     Size  Location     Type
		None
 Return value:  Size  Location     Type
		None               void
 Registers used:
		None
 Tracked objects:
		On entry : 
		On exit  : 
		Unchanged: 
 Data sizes:     COMRAM   BANK0   BANK1   BANK2   BANK3   BANK4   BANK5
      Params:         0       0       0       0       0       0       0
      Locals:         0       0       0       0       0       0       0
      Temps:         17       0       0       0       0       0       0
      Totals:        17       0       0       0       0       0       0
Total ram usage:       17 bytes
 Hardware stack levels used:    1
 Hardware stack levels required when called:    1
 This function calls:
		Nothing
 This function is called by:
		Interrupt level 1
 This function uses a non-reentrant model


 *************** function _XC8_HighISR_Handler *****************
 Defined at:
		line 110 in file "main.c"
 Parameters:    Size  Location     Type
		None
 Auto vars:     Size  Location     Type
		None
 Return value:  Size  Location     Type
		None               void
 Registers used:
		None
 Tracked objects:
		On entry : 
		On exit  : 
		Unchanged: 
 Data sizes:     COMRAM   BANK0   BANK1   BANK2   BANK3   BANK4   BANK5
      Params:         0       0       0       0       0       0       0
      Locals:         0       0       0       0       0       0       0
      Temps:         14       0       0       0       0       0       0
      Totals:        14       0       0       0       0       0       0
Total ram usage:       14 bytes
 Hardware stack levels used:    1
 This function calls:
		Nothing
 This function is called by:
		Interrupt level 2
 This function uses a non-reentrant model



MODULE INFORMATION

Module		Function		Class		Link	Load	Size
C:\Program Files (x86)\Microchip\xc8\v1.34\sources\pic18\d10ktcyx.c
		_Delay10KTCYx  		CODE           	0BDE	0000	25

C:\Program Files (x86)\Microchip\xc8\v1.34\sources\pic18\d10ktcyx.c estimated size: 25

C:\Program Files (x86)\Microchip\xc8\v1.34\sources\pic18\d1ktcyx.c
		_Delay1KTCYx   		CODE           	0C1E	0000	19

C:\Program Files (x86)\Microchip\xc8\v1.34\sources\pic18\d1ktcyx.c estimated size: 19

ports.c
		_InitPorts     		CODE           	0BF6	0000	23
		_InitInterrupts		CODE           	0C30	0000	15

ports.c estimated size: 38

C:\Program Files (x86)\Microchip\xc8\v1.34\sources\common\lwmod.c
		___lwmod       		CODE           	0A70	0000	77

C:\Program Files (x86)\Microchip\xc8\v1.34\sources\common\lwmod.c estimated size: 77

C:\Program Files (x86)\Microchip\xc8\v1.34\sources\pic18\d1tcyx.c
		_Delay1TCYx    		CODE           	0C4A	0000	13

C:\Program Files (x86)\Microchip\xc8\v1.34\sources\pic18\d1tcyx.c estimated size: 13

lcddisplay.c
		_OpenLCD       		CODE           	06DE	0000	191
		_putIntLCD     		CODE           	0BB4	0000	43
		_putLCD        		CODE           	08B6	0000	97
		_SetLCDCGRamAdd		CODE           	0972	0000	91
		_DelayFor18TCY 		CODE           	0C56	0000	9
		_WriteCmdLCD   		CODE           	0AFC	0000	65
		_WriteDataLCD  		CODE           	0ABC	0000	65
		_BusyLCD       		CODE           	0B78	0000	61
		_InitLCD       		CODE           	0A20	0000	81
		_SetLCDDDRamAdd		CODE           	09CC	0000	85

lcddisplay.c estimated size: 788

shared
		__initializatio		CODE           	0C3E	0000	3

shared estimated size: 3

C:\Program Files (x86)\Microchip\xc8\v1.34\sources\common\itoa.c
		_utoa          		CODE           	079C	0000	171

C:\Program Files (x86)\Microchip\xc8\v1.34\sources\common\itoa.c estimated size: 171

C:\Program Files (x86)\Microchip\xc8\v1.34\sources\common\lwdiv.c
		___lwdiv       		CODE           	0916	0000	93

C:\Program Files (x86)\Microchip\xc8\v1.34\sources\common\lwdiv.c estimated size: 93

C:\Program Files (x86)\Microchip\xc8\v1.34\sources\pic18\d100tcyx.c
		_Delay100TCYx  		CODE           	0C0C	0000	19

C:\Program Files (x86)\Microchip\xc8\v1.34\sources\pic18\d100tcyx.c estimated size: 19

C:\Program Files (x86)\Microchip\xc8\v1.34\sources\pic18\plib\XLCD\busyxlcd.c
		_BusyXLCD      		CODE           	0B3C	0000	61

C:\Program Files (x86)\Microchip\xc8\v1.34\sources\pic18\plib\XLCD\busyxlcd.c estimated size: 61

main.c
		_main          		CODE           	0616	0000	201
		_XC8_HighISR_Ha		CODE           	0008	0000	129
		_XC8_LowISR_Han		CODE           	0018	0000	169

main.c estimated size: 499

